mode: set
github.com/tsloms/server/internal/handler/ai.go:18.31,19.17 1 0
github.com/tsloms/server/internal/handler/ai.go:19.17,21.3 1 0
github.com/tsloms/server/internal/handler/ai.go:22.2,22.37 1 0
github.com/tsloms/server/internal/handler/ai.go:26.34,35.2 2 0
github.com/tsloms/server/internal/handler/ai.go:38.37,48.47 2 0
github.com/tsloms/server/internal/handler/ai.go:48.47,51.3 2 0
github.com/tsloms/server/internal/handler/ai.go:53.2,54.17 2 0
github.com/tsloms/server/internal/handler/ai.go:54.17,56.3 1 0
github.com/tsloms/server/internal/handler/ai.go:57.2,57.24 1 0
github.com/tsloms/server/internal/handler/ai.go:57.24,59.3 1 0
github.com/tsloms/server/internal/handler/ai.go:60.2,60.25 1 0
github.com/tsloms/server/internal/handler/ai.go:60.25,62.3 1 0
github.com/tsloms/server/internal/handler/ai.go:63.2,63.27 1 0
github.com/tsloms/server/internal/handler/ai.go:63.27,65.3 1 0
github.com/tsloms/server/internal/handler/ai.go:66.2,66.59 1 0
github.com/tsloms/server/internal/handler/ai.go:66.59,68.3 1 0
github.com/tsloms/server/internal/handler/ai.go:69.2,69.24 1 0
github.com/tsloms/server/internal/handler/ai.go:69.24,71.3 1 0
github.com/tsloms/server/internal/handler/ai.go:72.2,72.27 1 0
github.com/tsloms/server/internal/handler/ai.go:72.27,74.3 1 0
github.com/tsloms/server/internal/handler/ai.go:75.2,75.26 1 0
github.com/tsloms/server/internal/handler/ai.go:75.26,77.3 1 0
github.com/tsloms/server/internal/handler/ai.go:79.2,79.49 1 0
github.com/tsloms/server/internal/handler/ai.go:79.49,82.3 2 0
github.com/tsloms/server/internal/handler/ai.go:83.2,84.47 2 0
github.com/tsloms/server/internal/handler/ai.go:88.32,97.2 4 0
github.com/tsloms/server/internal/handler/ai.go:100.35,105.2 4 0
github.com/tsloms/server/internal/handler/ai.go:108.34,114.39 5 0
github.com/tsloms/server/internal/handler/ai.go:114.39,119.28 4 0
github.com/tsloms/server/internal/handler/ai.go:119.28,121.4 1 0
github.com/tsloms/server/internal/handler/ai.go:122.3,122.19 1 0
github.com/tsloms/server/internal/handler/ai.go:122.19,124.4 1 0
github.com/tsloms/server/internal/handler/ai.go:124.9,126.4 1 0
github.com/tsloms/server/internal/handler/ai.go:128.2,133.25 5 0
github.com/tsloms/server/internal/handler/ai.go:133.25,135.3 1 0
github.com/tsloms/server/internal/handler/ai.go:136.2,137.19 2 0
github.com/tsloms/server/internal/handler/ai.go:137.19,139.28 2 0
github.com/tsloms/server/internal/handler/ai.go:139.28,141.4 1 0
github.com/tsloms/server/internal/handler/ai.go:144.2,146.25 3 0
github.com/tsloms/server/internal/handler/ai.go:146.25,152.3 1 0
github.com/tsloms/server/internal/handler/ai.go:153.2,153.43 1 0
github.com/tsloms/server/internal/handler/ai.go:157.36,164.28 6 0
github.com/tsloms/server/internal/handler/ai.go:164.28,182.3 3 0
github.com/tsloms/server/internal/handler/ai.go:183.2,184.100 2 0
github.com/tsloms/server/internal/handler/ai.go:189.50,207.28 8 0
github.com/tsloms/server/internal/handler/ai.go:207.28,210.16 3 0
github.com/tsloms/server/internal/handler/ai.go:210.16,212.4 1 0
github.com/tsloms/server/internal/handler/ai.go:213.3,214.13 2 0
github.com/tsloms/server/internal/handler/ai.go:214.13,218.4 3 0
github.com/tsloms/server/internal/handler/ai.go:219.3,221.35 3 0
github.com/tsloms/server/internal/handler/ai.go:221.35,222.20 1 0
github.com/tsloms/server/internal/handler/ai.go:222.20,225.5 2 0
github.com/tsloms/server/internal/handler/ai.go:226.4,227.20 2 0
github.com/tsloms/server/internal/handler/ai.go:229.3,229.47 1 0
github.com/tsloms/server/internal/handler/ai.go:229.47,231.4 1 0
github.com/tsloms/server/internal/handler/ai.go:232.3,232.26 1 0
github.com/tsloms/server/internal/handler/ai.go:232.26,234.4 1 0
github.com/tsloms/server/internal/handler/ai.go:235.3,239.5 1 0
github.com/tsloms/server/internal/handler/ai.go:243.2,245.30 3 0
github.com/tsloms/server/internal/handler/ai.go:245.30,248.34 3 0
github.com/tsloms/server/internal/handler/ai.go:248.34,251.4 2 0
github.com/tsloms/server/internal/handler/ai.go:252.3,253.18 2 0
github.com/tsloms/server/internal/handler/ai.go:253.18,255.4 1 0
github.com/tsloms/server/internal/handler/ai.go:257.3,258.37 2 0
github.com/tsloms/server/internal/handler/ai.go:258.37,259.20 1 0
github.com/tsloms/server/internal/handler/ai.go:259.20,261.5 1 0
github.com/tsloms/server/internal/handler/ai.go:263.3,274.5 2 0
github.com/tsloms/server/internal/handler/ai.go:277.2,277.45 1 0
github.com/tsloms/server/internal/handler/ai.go:277.45,279.59 2 0
github.com/tsloms/server/internal/handler/ai.go:279.59,281.4 1 0
github.com/tsloms/server/internal/handler/ai.go:282.3,282.59 1 0
github.com/tsloms/server/internal/handler/ai.go:285.2,288.58 2 0
github.com/tsloms/server/internal/handler/ai.go:292.44,294.16 2 0
github.com/tsloms/server/internal/handler/ai.go:294.16,297.3 2 0
github.com/tsloms/server/internal/handler/ai.go:298.2,299.56 2 0
github.com/tsloms/server/internal/handler/ai.go:299.56,302.3 2 0
github.com/tsloms/server/internal/handler/ai.go:303.2,313.16 5 0
github.com/tsloms/server/internal/handler/ai.go:313.16,316.3 2 0
github.com/tsloms/server/internal/handler/ai.go:317.2,318.74 2 0
github.com/tsloms/server/internal/handler/ai.go:322.42,324.16 2 0
github.com/tsloms/server/internal/handler/ai.go:324.16,327.3 2 0
github.com/tsloms/server/internal/handler/ai.go:328.2,329.54 2 0
github.com/tsloms/server/internal/handler/ai.go:329.54,332.3 2 0
github.com/tsloms/server/internal/handler/ai.go:333.2,341.29 6 0
github.com/tsloms/server/internal/handler/ai.go:345.40,347.16 2 0
github.com/tsloms/server/internal/handler/ai.go:347.16,350.3 2 0
github.com/tsloms/server/internal/handler/ai.go:351.2,352.82 2 0
github.com/tsloms/server/internal/handler/ai.go:352.82,355.3 2 0
github.com/tsloms/server/internal/handler/ai.go:356.2,359.29 4 0
github.com/tsloms/server/internal/handler/ai.go:363.36,368.17 5 0
github.com/tsloms/server/internal/handler/ai.go:368.17,370.3 1 0
github.com/tsloms/server/internal/handler/ai.go:371.2,375.25 4 0
github.com/tsloms/server/internal/handler/ai.go:375.25,384.3 1 0
github.com/tsloms/server/internal/handler/ai.go:385.2,385.43 1 0
github.com/tsloms/server/internal/handler/ai.go:390.41,391.43 1 1
github.com/tsloms/server/internal/handler/ai.go:391.43,392.29 1 1
github.com/tsloms/server/internal/handler/ai.go:392.29,394.4 1 1
github.com/tsloms/server/internal/handler/ai.go:396.2,396.10 1 1
github.com/tsloms/server/internal/handler/ai.go:400.28,402.24 2 0
github.com/tsloms/server/internal/handler/ai.go:402.24,404.3 1 0
github.com/tsloms/server/internal/handler/ai.go:405.2,405.11 1 0
github.com/tsloms/server/internal/handler/ai.go:410.64,411.38 1 1
github.com/tsloms/server/internal/handler/ai.go:411.38,413.3 1 1
github.com/tsloms/server/internal/handler/ai.go:416.2,417.49 2 1
github.com/tsloms/server/internal/handler/ai.go:417.49,419.3 1 1
github.com/tsloms/server/internal/handler/ai.go:420.2,420.92 1 1
github.com/tsloms/server/internal/handler/ai.go:420.92,423.3 1 1
github.com/tsloms/server/internal/handler/ai.go:425.2,427.79 3 1
github.com/tsloms/server/internal/handler/ai.go:427.79,429.3 1 0
github.com/tsloms/server/internal/handler/ai.go:430.2,430.23 1 1
github.com/tsloms/server/internal/handler/ai_advance.go:18.42,21.16 3 0
github.com/tsloms/server/internal/handler/ai_advance.go:21.16,24.3 2 0
github.com/tsloms/server/internal/handler/ai_advance.go:25.2,26.29 2 0
github.com/tsloms/server/internal/handler/ai_advance.go:30.37,33.35 3 0
github.com/tsloms/server/internal/handler/ai_advance.go:33.35,34.53 1 0
github.com/tsloms/server/internal/handler/ai_advance.go:34.53,36.4 1 0
github.com/tsloms/server/internal/handler/ai_advance.go:38.2,39.16 2 0
github.com/tsloms/server/internal/handler/ai_advance.go:39.16,42.3 2 0
github.com/tsloms/server/internal/handler/ai_advance.go:43.2,44.29 2 0
github.com/tsloms/server/internal/handler/ai_advance.go:49.40,54.47 2 0
github.com/tsloms/server/internal/handler/ai_advance.go:54.47,57.3 2 0
github.com/tsloms/server/internal/handler/ai_advance.go:58.2,59.22 2 0
github.com/tsloms/server/internal/handler/ai_advance.go:59.22,61.3 1 0
github.com/tsloms/server/internal/handler/ai_advance.go:62.2,64.27 3 0
github.com/tsloms/server/internal/handler/ai_advance.go:64.27,66.3 1 0
github.com/tsloms/server/internal/handler/ai_advance.go:66.8,68.3 1 0
github.com/tsloms/server/internal/handler/ai_advance.go:69.2,69.16 1 0
github.com/tsloms/server/internal/handler/ai_advance.go:69.16,72.3 2 0
github.com/tsloms/server/internal/handler/ai_advance.go:74.2,75.61 2 0
github.com/tsloms/server/internal/handler/ai_advance.go:75.61,78.3 2 0
github.com/tsloms/server/internal/handler/ai_advance.go:79.2,80.30 2 0
github.com/tsloms/server/internal/handler/ai_advance.go:84.37,87.36 3 0
github.com/tsloms/server/internal/handler/ai_advance.go:87.36,88.53 1 0
github.com/tsloms/server/internal/handler/ai_advance.go:88.53,90.4 1 0
github.com/tsloms/server/internal/handler/ai_advance.go:92.2,93.48 2 0
github.com/tsloms/server/internal/handler/ai_advance.go:97.44,99.16 2 0
github.com/tsloms/server/internal/handler/ai_advance.go:99.16,102.3 2 0
github.com/tsloms/server/internal/handler/ai_advance.go:103.2,105.16 3 0
github.com/tsloms/server/internal/handler/ai_advance.go:105.16,108.3 2 0
github.com/tsloms/server/internal/handler/ai_advance.go:109.2,110.29 2 0
github.com/tsloms/server/internal/handler/ai_advance.go:115.48,117.16 2 0
github.com/tsloms/server/internal/handler/ai_advance.go:117.16,120.3 2 0
github.com/tsloms/server/internal/handler/ai_advance.go:121.2,124.16 4 0
github.com/tsloms/server/internal/handler/ai_advance.go:124.16,127.3 2 0
github.com/tsloms/server/internal/handler/ai_advance.go:128.2,129.29 2 0
github.com/tsloms/server/internal/handler/ai_advance.go:133.37,136.37 3 0
github.com/tsloms/server/internal/handler/ai_advance.go:136.37,137.57 1 0
github.com/tsloms/server/internal/handler/ai_advance.go:137.57,139.4 1 0
github.com/tsloms/server/internal/handler/ai_advance.go:141.2,142.36 2 0
github.com/tsloms/server/internal/handler/ai_advance.go:142.36,143.53 1 0
github.com/tsloms/server/internal/handler/ai_advance.go:143.53,145.4 1 0
github.com/tsloms/server/internal/handler/ai_advance.go:147.2,148.48 2 0
github.com/tsloms/server/internal/handler/ai_advance.go:152.46,154.49 2 0
github.com/tsloms/server/internal/handler/ai_advance.go:154.49,156.3 1 0
github.com/tsloms/server/internal/handler/ai_advance.go:157.2,159.16 3 0
github.com/tsloms/server/internal/handler/ai_advance.go:159.16,162.3 2 0
github.com/tsloms/server/internal/handler/ai_advance.go:163.2,164.29 2 0
github.com/tsloms/server/internal/handler/ai_advance.go:169.48,173.47 2 0
github.com/tsloms/server/internal/handler/ai_advance.go:173.47,176.3 2 0
github.com/tsloms/server/internal/handler/ai_advance.go:177.2,179.16 3 0
github.com/tsloms/server/internal/handler/ai_advance.go:179.16,182.3 2 0
github.com/tsloms/server/internal/handler/ai_advance.go:183.2,184.29 2 0
github.com/tsloms/server/internal/handler/ai_advance.go:189.48,194.47 2 0
github.com/tsloms/server/internal/handler/ai_advance.go:194.47,197.3 2 0
github.com/tsloms/server/internal/handler/ai_advance.go:198.2,201.29 4 0
github.com/tsloms/server/internal/handler/ai_advance.go:211.36,216.84 3 0
github.com/tsloms/server/internal/handler/ai_advance.go:216.84,219.3 2 0
github.com/tsloms/server/internal/handler/ai_advance.go:220.2,223.18 4 0
github.com/tsloms/server/internal/handler/ai_advance.go:223.18,226.3 2 0
github.com/tsloms/server/internal/handler/ai_advance.go:227.2,228.29 2 0
github.com/tsloms/server/internal/handler/ai_advance.go:236.40,239.16 3 0
github.com/tsloms/server/internal/handler/ai_advance.go:239.16,242.3 2 0
github.com/tsloms/server/internal/handler/ai_advance.go:243.2,244.29 2 0
github.com/tsloms/server/internal/handler/ai_advance.go:249.39,257.47 3 0
github.com/tsloms/server/internal/handler/ai_advance.go:257.47,260.3 2 0
github.com/tsloms/server/internal/handler/ai_advance.go:261.2,262.16 2 0
github.com/tsloms/server/internal/handler/ai_advance.go:262.16,265.3 2 0
github.com/tsloms/server/internal/handler/ai_advance.go:266.2,267.85 2 0
github.com/tsloms/server/internal/handler/ai_advance.go:277.39,279.36 2 0
github.com/tsloms/server/internal/handler/ai_advance.go:279.36,280.65 1 0
github.com/tsloms/server/internal/handler/ai_advance.go:280.65,282.4 1 0
github.com/tsloms/server/internal/handler/ai_advance.go:284.2,285.36 2 0
github.com/tsloms/server/internal/handler/ai_advance.go:285.36,286.65 1 0
github.com/tsloms/server/internal/handler/ai_advance.go:286.65,288.4 1 0
github.com/tsloms/server/internal/handler/ai_advance.go:290.2,291.16 2 0
github.com/tsloms/server/internal/handler/ai_advance.go:291.16,294.3 2 0
github.com/tsloms/server/internal/handler/ai_advance.go:295.2,296.29 2 0
github.com/tsloms/server/internal/handler/auth.go:20.28,22.47 2 1
github.com/tsloms/server/internal/handler/auth.go:22.47,25.3 2 1
github.com/tsloms/server/internal/handler/auth.go:28.2,29.88 2 1
github.com/tsloms/server/internal/handler/auth.go:29.88,32.3 2 1
github.com/tsloms/server/internal/handler/auth.go:35.2,35.103 1 1
github.com/tsloms/server/internal/handler/auth.go:35.103,38.3 2 1
github.com/tsloms/server/internal/handler/auth.go:41.2,41.66 1 1
github.com/tsloms/server/internal/handler/auth.go:41.66,44.3 2 1
github.com/tsloms/server/internal/handler/auth.go:47.2,53.16 5 1
github.com/tsloms/server/internal/handler/auth.go:53.16,56.3 2 0
github.com/tsloms/server/internal/handler/auth.go:58.2,74.65 3 1
github.com/tsloms/server/internal/handler/auth.go:78.66,85.2 2 1
github.com/tsloms/server/internal/handler/auth.go:88.34,92.60 3 1
github.com/tsloms/server/internal/handler/auth.go:92.60,95.3 2 1
github.com/tsloms/server/internal/handler/auth.go:97.2,109.4 1 0
github.com/tsloms/server/internal/handler/dashboard.go:14.37,17.35 2 1
github.com/tsloms/server/internal/handler/dashboard.go:17.35,18.77 1 0
github.com/tsloms/server/internal/handler/dashboard.go:18.78,20.4 0 0
github.com/tsloms/server/internal/handler/dashboard.go:22.2,40.4 5 1
github.com/tsloms/server/internal/handler/dashboard.go:45.43,70.2 9 1
github.com/tsloms/server/internal/handler/dashboard.go:74.38,77.35 3 0
github.com/tsloms/server/internal/handler/dashboard.go:77.35,78.77 1 0
github.com/tsloms/server/internal/handler/dashboard.go:78.78,79.4 0 0
github.com/tsloms/server/internal/handler/dashboard.go:82.2,88.27 5 0
github.com/tsloms/server/internal/handler/dashboard.go:88.27,90.20 2 0
github.com/tsloms/server/internal/handler/dashboard.go:91.15,93.48 2 0
github.com/tsloms/server/internal/handler/dashboard.go:94.16,95.42 1 0
github.com/tsloms/server/internal/handler/dashboard.go:96.11,97.45 1 0
github.com/tsloms/server/internal/handler/dashboard.go:99.3,99.19 1 0
github.com/tsloms/server/internal/handler/dashboard.go:102.2,107.36 3 0
github.com/tsloms/server/internal/handler/dashboard.go:107.36,109.3 1 0
github.com/tsloms/server/internal/handler/dashboard.go:112.2,112.42 1 0
github.com/tsloms/server/internal/handler/dashboard.go:112.42,114.3 1 0
github.com/tsloms/server/internal/handler/dashboard.go:116.2,120.4 1 0
github.com/tsloms/server/internal/handler/dashboard.go:125.38,127.36 2 0
github.com/tsloms/server/internal/handler/dashboard.go:127.36,128.79 1 0
github.com/tsloms/server/internal/handler/dashboard.go:128.80,130.4 0 0
github.com/tsloms/server/internal/handler/dashboard.go:133.2,134.35 2 0
github.com/tsloms/server/internal/handler/dashboard.go:134.35,135.77 1 0
github.com/tsloms/server/internal/handler/dashboard.go:135.78,137.4 0 0
github.com/tsloms/server/internal/handler/dashboard.go:139.2,159.4 5 0
github.com/tsloms/server/internal/handler/dashboard.go:164.40,217.2 19 0
github.com/tsloms/server/internal/handler/dashboard.go:221.42,223.35 2 0
github.com/tsloms/server/internal/handler/dashboard.go:223.35,224.77 1 0
github.com/tsloms/server/internal/handler/dashboard.go:224.78,225.4 0 0
github.com/tsloms/server/internal/handler/dashboard.go:227.2,241.25 7 0
github.com/tsloms/server/internal/handler/dashboard.go:241.25,242.24 1 0
github.com/tsloms/server/internal/handler/dashboard.go:242.24,244.4 1 0
github.com/tsloms/server/internal/handler/dashboard.go:247.2,248.15 2 0
github.com/tsloms/server/internal/handler/dashboard.go:248.15,250.3 1 0
github.com/tsloms/server/internal/handler/dashboard.go:252.2,257.4 1 0
github.com/tsloms/server/internal/handler/dashboard.go:262.42,273.23 7 1
github.com/tsloms/server/internal/handler/dashboard.go:273.23,283.26 4 1
github.com/tsloms/server/internal/handler/dashboard.go:283.26,286.4 2 1
github.com/tsloms/server/internal/handler/dashboard.go:287.3,288.37 2 1
github.com/tsloms/server/internal/handler/dashboard.go:292.2,293.23 2 1
github.com/tsloms/server/internal/handler/dashboard.go:293.23,297.27 3 1
github.com/tsloms/server/internal/handler/dashboard.go:297.27,306.4 1 1
github.com/tsloms/server/internal/handler/dashboard.go:310.2,321.25 6 1
github.com/tsloms/server/internal/handler/dashboard.go:321.25,323.3 1 1
github.com/tsloms/server/internal/handler/dashboard.go:326.2,335.30 4 1
github.com/tsloms/server/internal/handler/dashboard.go:335.30,337.3 1 1
github.com/tsloms/server/internal/handler/dashboard.go:339.2,354.4 1 1
github.com/tsloms/server/internal/handler/department.go:9.38,24.25 7 1
github.com/tsloms/server/internal/handler/department.go:24.25,25.28 1 0
github.com/tsloms/server/internal/handler/department.go:25.28,27.4 1 0
github.com/tsloms/server/internal/handler/department.go:30.2,31.26 2 1
github.com/tsloms/server/internal/handler/department.go:31.26,38.3 1 1
github.com/tsloms/server/internal/handler/department.go:39.2,39.46 1 1
github.com/tsloms/server/internal/handler/department.go:43.39,50.65 2 1
github.com/tsloms/server/internal/handler/department.go:50.65,53.3 2 0
github.com/tsloms/server/internal/handler/department.go:54.2,56.15 3 1
github.com/tsloms/server/internal/handler/department.go:56.15,59.3 2 1
github.com/tsloms/server/internal/handler/department.go:60.2,62.25 2 1
github.com/tsloms/server/internal/handler/department.go:62.25,64.65 2 0
github.com/tsloms/server/internal/handler/department.go:64.65,67.4 2 0
github.com/tsloms/server/internal/handler/department.go:69.2,69.53 1 1
github.com/tsloms/server/internal/handler/department.go:69.53,72.3 2 0
github.com/tsloms/server/internal/handler/department.go:73.2,74.81 2 1
github.com/tsloms/server/internal/handler/department.go:78.39,80.16 2 1
github.com/tsloms/server/internal/handler/department.go:80.16,83.3 2 0
github.com/tsloms/server/internal/handler/department.go:84.2,85.56 2 1
github.com/tsloms/server/internal/handler/department.go:85.56,88.3 2 0
github.com/tsloms/server/internal/handler/department.go:89.2,95.47 2 1
github.com/tsloms/server/internal/handler/department.go:95.47,98.3 2 0
github.com/tsloms/server/internal/handler/department.go:99.2,100.40 2 1
github.com/tsloms/server/internal/handler/department.go:100.40,103.14 3 0
github.com/tsloms/server/internal/handler/department.go:103.14,106.4 2 0
github.com/tsloms/server/internal/handler/department.go:107.3,107.30 1 0
github.com/tsloms/server/internal/handler/department.go:109.2,109.23 1 1
github.com/tsloms/server/internal/handler/department.go:109.23,111.3 1 1
github.com/tsloms/server/internal/handler/department.go:112.2,112.28 1 1
github.com/tsloms/server/internal/handler/department.go:112.28,114.3 1 1
github.com/tsloms/server/internal/handler/department.go:115.2,115.25 1 1
github.com/tsloms/server/internal/handler/department.go:115.25,116.26 1 0
github.com/tsloms/server/internal/handler/department.go:116.26,119.4 2 0
github.com/tsloms/server/internal/handler/department.go:120.3,121.65 2 0
github.com/tsloms/server/internal/handler/department.go:121.65,124.4 2 0
github.com/tsloms/server/internal/handler/department.go:125.3,125.39 1 0
github.com/tsloms/server/internal/handler/department.go:127.2,127.22 1 1
github.com/tsloms/server/internal/handler/department.go:127.22,128.70 1 1
github.com/tsloms/server/internal/handler/department.go:128.70,131.4 2 0
github.com/tsloms/server/internal/handler/department.go:133.2,134.47 2 1
github.com/tsloms/server/internal/handler/department.go:138.39,140.16 2 1
github.com/tsloms/server/internal/handler/department.go:140.16,143.3 2 0
github.com/tsloms/server/internal/handler/department.go:144.2,145.56 2 1
github.com/tsloms/server/internal/handler/department.go:145.56,148.3 2 0
github.com/tsloms/server/internal/handler/department.go:150.2,152.21 3 1
github.com/tsloms/server/internal/handler/department.go:152.21,155.3 2 1
github.com/tsloms/server/internal/handler/department.go:156.2,156.53 1 1
github.com/tsloms/server/internal/handler/department.go:156.53,159.3 2 0
github.com/tsloms/server/internal/handler/department.go:160.2,161.47 2 1
github.com/tsloms/server/internal/handler/device.go:13.34,19.65 3 1
github.com/tsloms/server/internal/handler/device.go:19.65,21.3 1 1
github.com/tsloms/server/internal/handler/device.go:24.2,24.54 1 1
github.com/tsloms/server/internal/handler/device.go:24.54,26.3 1 1
github.com/tsloms/server/internal/handler/device.go:29.2,29.42 1 1
github.com/tsloms/server/internal/handler/device.go:29.42,31.3 1 1
github.com/tsloms/server/internal/handler/device.go:34.2,49.4 5 1
github.com/tsloms/server/internal/handler/device.go:53.32,55.16 2 1
github.com/tsloms/server/internal/handler/device.go:55.16,58.3 2 1
github.com/tsloms/server/internal/handler/device.go:60.2,61.58 2 1
github.com/tsloms/server/internal/handler/device.go:61.58,64.3 2 1
github.com/tsloms/server/internal/handler/device.go:66.2,70.4 1 1
github.com/tsloms/server/internal/handler/device.go:74.35,76.16 2 1
github.com/tsloms/server/internal/handler/device.go:76.16,79.3 2 1
github.com/tsloms/server/internal/handler/device.go:81.2,82.58 2 1
github.com/tsloms/server/internal/handler/device.go:82.58,85.3 2 1
github.com/tsloms/server/internal/handler/device.go:87.2,97.47 2 1
github.com/tsloms/server/internal/handler/device.go:97.47,100.3 2 0
github.com/tsloms/server/internal/handler/device.go:102.2,103.28 2 1
github.com/tsloms/server/internal/handler/device.go:103.28,105.3 1 1
github.com/tsloms/server/internal/handler/device.go:106.2,106.28 1 1
github.com/tsloms/server/internal/handler/device.go:106.28,108.3 1 0
github.com/tsloms/server/internal/handler/device.go:109.2,109.28 1 1
github.com/tsloms/server/internal/handler/device.go:109.28,111.3 1 0
github.com/tsloms/server/internal/handler/device.go:112.2,112.27 1 1
github.com/tsloms/server/internal/handler/device.go:112.27,113.70 1 1
github.com/tsloms/server/internal/handler/device.go:113.70,115.4 1 1
github.com/tsloms/server/internal/handler/device.go:118.2,118.20 1 1
github.com/tsloms/server/internal/handler/device.go:118.20,120.3 1 1
github.com/tsloms/server/internal/handler/device.go:121.2,121.20 1 1
github.com/tsloms/server/internal/handler/device.go:121.20,123.3 1 1
github.com/tsloms/server/internal/handler/device.go:125.2,125.26 1 1
github.com/tsloms/server/internal/handler/device.go:125.26,127.3 1 1
github.com/tsloms/server/internal/handler/device.go:129.2,129.22 1 1
github.com/tsloms/server/internal/handler/device.go:129.22,130.72 1 1
github.com/tsloms/server/internal/handler/device.go:130.72,133.4 2 0
github.com/tsloms/server/internal/handler/device.go:134.3,134.102 1 1
github.com/tsloms/server/internal/handler/device.go:137.2,137.59 1 1
github.com/tsloms/server/internal/handler/device.go:141.35,150.47 2 1
github.com/tsloms/server/internal/handler/device.go:150.47,153.3 2 1
github.com/tsloms/server/internal/handler/device.go:155.2,157.15 3 1
github.com/tsloms/server/internal/handler/device.go:157.15,160.3 2 1
github.com/tsloms/server/internal/handler/device.go:161.2,169.55 2 1
github.com/tsloms/server/internal/handler/device.go:169.55,172.3 2 0
github.com/tsloms/server/internal/handler/device.go:173.2,174.62 2 1
github.com/tsloms/server/internal/handler/device.go:178.35,180.16 2 1
github.com/tsloms/server/internal/handler/device.go:180.16,183.3 2 0
github.com/tsloms/server/internal/handler/device.go:184.2,185.58 2 1
github.com/tsloms/server/internal/handler/device.go:185.58,188.3 2 1
github.com/tsloms/server/internal/handler/device.go:189.2,189.55 1 1
github.com/tsloms/server/internal/handler/device.go:189.55,192.3 2 0
github.com/tsloms/server/internal/handler/device.go:193.2,194.44 2 1
github.com/tsloms/server/internal/handler/device.go:198.34,208.2 4 1
github.com/tsloms/server/internal/handler/dispatch.go:14.40,16.16 2 1
github.com/tsloms/server/internal/handler/dispatch.go:16.16,19.3 2 1
github.com/tsloms/server/internal/handler/dispatch.go:21.2,49.4 11 1
github.com/tsloms/server/internal/handler/expense.go:12.35,29.4 6 1
github.com/tsloms/server/internal/handler/expense.go:29.4,32.3 1 1
github.com/tsloms/server/internal/handler/expense.go:35.2,45.27 5 1
github.com/tsloms/server/internal/handler/expense.go:45.27,47.3 1 1
github.com/tsloms/server/internal/handler/expense.go:49.2,53.4 1 1
github.com/tsloms/server/internal/handler/expense.go:57.41,61.45 3 0
github.com/tsloms/server/internal/handler/expense.go:61.45,63.3 1 0
github.com/tsloms/server/internal/handler/expense.go:64.2,64.46 1 0
github.com/tsloms/server/internal/handler/expense.go:64.46,66.3 1 0
github.com/tsloms/server/internal/handler/expense.go:67.2,67.39 1 0
github.com/tsloms/server/internal/handler/expense.go:67.39,69.3 1 0
github.com/tsloms/server/internal/handler/expense.go:70.2,70.41 1 0
github.com/tsloms/server/internal/handler/expense.go:70.41,72.3 1 0
github.com/tsloms/server/internal/handler/expense.go:73.2,73.35 1 0
github.com/tsloms/server/internal/handler/expense.go:73.35,75.3 1 0
github.com/tsloms/server/internal/handler/expense.go:76.2,76.65 1 0
github.com/tsloms/server/internal/handler/expense.go:76.65,78.3 1 0
github.com/tsloms/server/internal/handler/expense.go:80.2,84.81 5 0
github.com/tsloms/server/internal/handler/expense.go:89.40,101.47 2 1
github.com/tsloms/server/internal/handler/expense.go:101.47,104.3 2 0
github.com/tsloms/server/internal/handler/expense.go:105.2,105.18 1 1
github.com/tsloms/server/internal/handler/expense.go:106.107,106.107 0 1
github.com/tsloms/server/internal/handler/expense.go:107.10,109.9 2 1
github.com/tsloms/server/internal/handler/expense.go:111.2,111.20 1 1
github.com/tsloms/server/internal/handler/expense.go:111.20,114.3 2 0
github.com/tsloms/server/internal/handler/expense.go:115.2,116.20 2 1
github.com/tsloms/server/internal/handler/expense.go:116.20,118.3 1 1
github.com/tsloms/server/internal/handler/expense.go:121.2,122.48 2 1
github.com/tsloms/server/internal/handler/expense.go:122.48,124.17 2 1
github.com/tsloms/server/internal/handler/expense.go:124.17,127.4 2 0
github.com/tsloms/server/internal/handler/expense.go:128.3,128.16 1 1
github.com/tsloms/server/internal/handler/expense.go:132.2,132.28 1 1
github.com/tsloms/server/internal/handler/expense.go:132.28,134.69 2 0
github.com/tsloms/server/internal/handler/expense.go:134.69,137.4 2 0
github.com/tsloms/server/internal/handler/expense.go:138.3,138.26 1 0
github.com/tsloms/server/internal/handler/expense.go:138.26,140.4 1 0
github.com/tsloms/server/internal/handler/expense.go:143.2,143.34 1 1
github.com/tsloms/server/internal/handler/expense.go:143.34,145.59 2 0
github.com/tsloms/server/internal/handler/expense.go:145.59,148.4 2 0
github.com/tsloms/server/internal/handler/expense.go:149.3,154.67 2 0
github.com/tsloms/server/internal/handler/expense.go:154.67,157.4 2 0
github.com/tsloms/server/internal/handler/expense.go:158.3,160.9 3 0
github.com/tsloms/server/internal/handler/expense.go:163.2,169.50 3 1
github.com/tsloms/server/internal/handler/expense.go:169.50,172.3 2 0
github.com/tsloms/server/internal/handler/expense.go:173.2,174.58 2 1
github.com/tsloms/server/internal/handler/expense.go:178.43,180.16 2 1
github.com/tsloms/server/internal/handler/expense.go:180.16,183.3 2 0
github.com/tsloms/server/internal/handler/expense.go:184.2,187.47 2 1
github.com/tsloms/server/internal/handler/expense.go:187.47,190.3 2 0
github.com/tsloms/server/internal/handler/expense.go:191.2,192.53 2 1
github.com/tsloms/server/internal/handler/expense.go:192.53,195.3 2 0
github.com/tsloms/server/internal/handler/expense.go:196.2,196.84 1 1
github.com/tsloms/server/internal/handler/expense.go:196.84,199.3 2 0
github.com/tsloms/server/internal/handler/expense.go:200.2,201.41 2 1
github.com/tsloms/server/internal/handler/expense.go:205.42,207.16 2 0
github.com/tsloms/server/internal/handler/expense.go:207.16,210.3 2 0
github.com/tsloms/server/internal/handler/expense.go:211.2,212.53 2 0
github.com/tsloms/server/internal/handler/expense.go:212.53,215.3 2 0
github.com/tsloms/server/internal/handler/expense.go:216.2,216.50 1 0
github.com/tsloms/server/internal/handler/expense.go:216.50,219.3 2 0
github.com/tsloms/server/internal/handler/expense.go:220.2,221.41 2 0
github.com/tsloms/server/internal/handler/fault.go:13.33,19.42 3 1
github.com/tsloms/server/internal/handler/fault.go:19.42,21.3 1 1
github.com/tsloms/server/internal/handler/fault.go:24.2,24.47 1 1
github.com/tsloms/server/internal/handler/fault.go:24.47,25.25 1 1
github.com/tsloms/server/internal/handler/fault.go:25.25,29.4 1 1
github.com/tsloms/server/internal/handler/fault.go:29.9,31.4 1 1
github.com/tsloms/server/internal/handler/fault.go:35.2,35.57 1 1
github.com/tsloms/server/internal/handler/fault.go:35.57,37.3 1 1
github.com/tsloms/server/internal/handler/fault.go:40.2,40.60 1 1
github.com/tsloms/server/internal/handler/fault.go:40.60,42.3 1 1
github.com/tsloms/server/internal/handler/fault.go:45.2,46.21 2 1
github.com/tsloms/server/internal/handler/fault.go:46.21,48.3 1 1
github.com/tsloms/server/internal/handler/fault.go:49.2,49.21 1 1
github.com/tsloms/server/internal/handler/fault.go:49.21,50.64 1 1
github.com/tsloms/server/internal/handler/fault.go:50.64,52.4 1 1
github.com/tsloms/server/internal/handler/fault.go:54.2,55.19 2 1
github.com/tsloms/server/internal/handler/fault.go:55.19,57.3 1 1
github.com/tsloms/server/internal/handler/fault.go:58.2,58.19 1 1
github.com/tsloms/server/internal/handler/fault.go:58.19,59.62 1 1
github.com/tsloms/server/internal/handler/fault.go:59.62,61.4 1 1
github.com/tsloms/server/internal/handler/fault.go:65.2,77.24 6 1
github.com/tsloms/server/internal/handler/fault.go:77.24,79.3 1 1
github.com/tsloms/server/internal/handler/fault.go:81.2,86.4 1 1
github.com/tsloms/server/internal/handler/fault.go:90.31,92.16 2 1
github.com/tsloms/server/internal/handler/fault.go:92.16,95.3 2 1
github.com/tsloms/server/internal/handler/fault.go:97.2,98.57 2 1
github.com/tsloms/server/internal/handler/fault.go:98.57,101.3 2 1
github.com/tsloms/server/internal/handler/fault.go:104.2,106.91 3 1
github.com/tsloms/server/internal/handler/fault.go:106.91,113.3 1 1
github.com/tsloms/server/internal/handler/fault.go:116.2,119.16 4 1
github.com/tsloms/server/internal/handler/fault.go:119.16,121.3 1 1
github.com/tsloms/server/internal/handler/fault.go:123.2,123.77 1 1
github.com/tsloms/server/internal/handler/fault.go:127.59,137.22 2 1
github.com/tsloms/server/internal/handler/fault.go:137.22,139.85 2 1
github.com/tsloms/server/internal/handler/fault.go:139.85,141.4 1 1
github.com/tsloms/server/internal/handler/fault.go:143.2,143.25 1 1
github.com/tsloms/server/internal/handler/fault.go:143.25,145.88 2 1
github.com/tsloms/server/internal/handler/fault.go:145.88,147.4 1 1
github.com/tsloms/server/internal/handler/fault.go:149.2,149.10 1 1
github.com/tsloms/server/internal/handler/fault.go:154.34,156.16 2 1
github.com/tsloms/server/internal/handler/fault.go:156.16,159.3 2 1
github.com/tsloms/server/internal/handler/fault.go:161.2,162.57 2 1
github.com/tsloms/server/internal/handler/fault.go:162.57,165.3 2 1
github.com/tsloms/server/internal/handler/fault.go:168.2,173.14 3 1
github.com/tsloms/server/internal/handler/fault.go:173.14,176.3 2 1
github.com/tsloms/server/internal/handler/fault.go:178.2,178.65 1 1
github.com/tsloms/server/internal/handler/fault.go:178.65,181.3 2 0
github.com/tsloms/server/internal/handler/fault.go:183.2,187.54 3 1
github.com/tsloms/server/internal/handler/fault.go:192.34,194.16 2 1
github.com/tsloms/server/internal/handler/fault.go:194.16,197.3 2 1
github.com/tsloms/server/internal/handler/fault.go:199.2,204.47 2 1
github.com/tsloms/server/internal/handler/fault.go:204.47,207.3 2 0
github.com/tsloms/server/internal/handler/fault.go:209.2,210.57 2 1
github.com/tsloms/server/internal/handler/fault.go:210.57,213.3 2 1
github.com/tsloms/server/internal/handler/fault.go:216.2,220.44 2 1
github.com/tsloms/server/internal/handler/fault.go:220.44,223.3 2 1
github.com/tsloms/server/internal/handler/fault.go:225.2,228.22 3 1
github.com/tsloms/server/internal/handler/fault.go:228.22,231.21 2 1
github.com/tsloms/server/internal/handler/fault.go:232.35,233.34 1 0
github.com/tsloms/server/internal/handler/fault.go:234.36,235.35 1 1
github.com/tsloms/server/internal/handler/fault.go:236.34,238.30 2 1
github.com/tsloms/server/internal/handler/fault.go:241.2,241.24 1 1
github.com/tsloms/server/internal/handler/fault.go:241.24,242.24 1 1
github.com/tsloms/server/internal/handler/fault.go:242.24,244.4 1 0
github.com/tsloms/server/internal/handler/fault.go:244.9,246.65 2 1
github.com/tsloms/server/internal/handler/fault.go:246.65,249.5 2 1
github.com/tsloms/server/internal/handler/fault.go:250.4,253.69 3 1
github.com/tsloms/server/internal/handler/fault.go:253.69,255.5 1 1
github.com/tsloms/server/internal/handler/fault.go:258.2,258.27 1 1
github.com/tsloms/server/internal/handler/fault.go:258.27,259.27 1 1
github.com/tsloms/server/internal/handler/fault.go:259.27,261.4 1 0
github.com/tsloms/server/internal/handler/fault.go:261.9,263.68 2 1
github.com/tsloms/server/internal/handler/fault.go:263.68,266.5 2 1
github.com/tsloms/server/internal/handler/fault.go:267.4,267.44 1 1
github.com/tsloms/server/internal/handler/fault.go:271.2,271.23 1 1
github.com/tsloms/server/internal/handler/fault.go:271.23,274.3 2 1
github.com/tsloms/server/internal/handler/fault.go:275.2,275.70 1 1
github.com/tsloms/server/internal/handler/fault.go:275.70,278.3 2 0
github.com/tsloms/server/internal/handler/fault.go:281.2,281.45 1 1
github.com/tsloms/server/internal/handler/fault.go:281.45,286.3 1 1
github.com/tsloms/server/internal/handler/fault.go:289.2,291.77 3 1
github.com/tsloms/server/internal/handler/fault.go:295.36,297.16 2 1
github.com/tsloms/server/internal/handler/fault.go:297.16,300.3 2 1
github.com/tsloms/server/internal/handler/fault.go:301.2,304.47 2 1
github.com/tsloms/server/internal/handler/fault.go:304.47,307.3 2 1
github.com/tsloms/server/internal/handler/fault.go:309.2,310.57 2 1
github.com/tsloms/server/internal/handler/fault.go:310.57,313.3 2 1
github.com/tsloms/server/internal/handler/fault.go:316.2,317.65 2 1
github.com/tsloms/server/internal/handler/fault.go:317.65,320.3 2 1
github.com/tsloms/server/internal/handler/fault.go:321.2,321.63 1 1
github.com/tsloms/server/internal/handler/fault.go:321.63,324.3 2 1
github.com/tsloms/server/internal/handler/fault.go:326.2,331.16 4 1
github.com/tsloms/server/internal/handler/fault.go:331.16,339.52 2 1
github.com/tsloms/server/internal/handler/fault.go:339.52,342.4 2 0
github.com/tsloms/server/internal/handler/fault.go:343.8,348.3 1 0
github.com/tsloms/server/internal/handler/fault.go:351.2,361.104 5 1
github.com/tsloms/server/internal/handler/feedback.go:12.36,16.47 3 1
github.com/tsloms/server/internal/handler/feedback.go:16.47,18.3 1 1
github.com/tsloms/server/internal/handler/feedback.go:19.2,19.49 1 1
github.com/tsloms/server/internal/handler/feedback.go:19.49,21.3 1 1
github.com/tsloms/server/internal/handler/feedback.go:22.2,22.50 1 1
github.com/tsloms/server/internal/handler/feedback.go:22.50,24.3 1 1
github.com/tsloms/server/internal/handler/feedback.go:26.2,26.43 1 1
github.com/tsloms/server/internal/handler/feedback.go:26.43,27.57 1 1
github.com/tsloms/server/internal/handler/feedback.go:27.57,29.4 1 1
github.com/tsloms/server/internal/handler/feedback.go:31.2,31.41 1 1
github.com/tsloms/server/internal/handler/feedback.go:31.41,32.57 1 1
github.com/tsloms/server/internal/handler/feedback.go:32.57,34.4 1 1
github.com/tsloms/server/internal/handler/feedback.go:37.2,40.68 4 1
github.com/tsloms/server/internal/handler/feedback.go:40.68,41.24 1 1
github.com/tsloms/server/internal/handler/feedback.go:41.24,43.4 1 1
github.com/tsloms/server/internal/handler/feedback.go:43.9,45.4 1 1
github.com/tsloms/server/internal/handler/feedback.go:48.2,52.81 5 1
github.com/tsloms/server/internal/handler/feedback.go:56.37,66.47 2 1
github.com/tsloms/server/internal/handler/feedback.go:66.47,69.3 2 1
github.com/tsloms/server/internal/handler/feedback.go:70.2,70.51 1 1
github.com/tsloms/server/internal/handler/feedback.go:70.51,73.3 2 1
github.com/tsloms/server/internal/handler/feedback.go:75.2,76.87 2 1
github.com/tsloms/server/internal/handler/feedback.go:76.87,79.3 2 1
github.com/tsloms/server/internal/handler/feedback.go:80.2,91.27 2 1
github.com/tsloms/server/internal/handler/feedback.go:91.27,93.3 1 1
github.com/tsloms/server/internal/handler/feedback.go:94.2,94.51 1 1
github.com/tsloms/server/internal/handler/feedback.go:94.51,97.3 2 0
github.com/tsloms/server/internal/handler/feedback.go:98.2,99.63 2 1
github.com/tsloms/server/internal/handler/feedback.go:103.43,105.16 2 1
github.com/tsloms/server/internal/handler/feedback.go:105.16,108.3 2 1
github.com/tsloms/server/internal/handler/feedback.go:109.2,113.47 2 1
github.com/tsloms/server/internal/handler/feedback.go:113.47,116.3 2 0
github.com/tsloms/server/internal/handler/feedback.go:117.2,118.54 2 1
github.com/tsloms/server/internal/handler/feedback.go:118.54,121.3 2 1
github.com/tsloms/server/internal/handler/feedback.go:122.2,123.22 2 1
github.com/tsloms/server/internal/handler/feedback.go:123.22,125.25 2 1
github.com/tsloms/server/internal/handler/feedback.go:125.25,128.4 2 1
github.com/tsloms/server/internal/handler/feedback.go:129.3,129.33 1 1
github.com/tsloms/server/internal/handler/feedback.go:131.2,131.28 1 1
github.com/tsloms/server/internal/handler/feedback.go:131.28,133.3 1 1
github.com/tsloms/server/internal/handler/feedback.go:134.2,134.22 1 1
github.com/tsloms/server/internal/handler/feedback.go:134.22,135.68 1 1
github.com/tsloms/server/internal/handler/feedback.go:135.68,138.4 2 0
github.com/tsloms/server/internal/handler/feedback.go:140.2,141.57 2 1
github.com/tsloms/server/internal/handler/firmware.go:21.27,23.15 2 1
github.com/tsloms/server/internal/handler/firmware.go:23.15,25.3 1 1
github.com/tsloms/server/internal/handler/firmware.go:26.2,26.39 1 1
github.com/tsloms/server/internal/handler/firmware.go:30.33,32.13 2 1
github.com/tsloms/server/internal/handler/firmware.go:32.13,34.3 1 0
github.com/tsloms/server/internal/handler/firmware.go:35.2,35.24 1 1
github.com/tsloms/server/internal/handler/firmware.go:42.61,44.14 2 1
github.com/tsloms/server/internal/handler/firmware.go:44.14,46.3 1 1
github.com/tsloms/server/internal/handler/firmware.go:47.2,47.29 1 1
github.com/tsloms/server/internal/handler/firmware.go:47.29,50.3 2 1
github.com/tsloms/server/internal/handler/firmware.go:51.2,51.39 1 1
github.com/tsloms/server/internal/handler/firmware.go:55.36,59.62 3 1
github.com/tsloms/server/internal/handler/firmware.go:59.62,61.3 1 1
github.com/tsloms/server/internal/handler/firmware.go:63.2,71.25 6 1
github.com/tsloms/server/internal/handler/firmware.go:71.25,73.3 1 1
github.com/tsloms/server/internal/handler/firmware.go:75.2,75.82 1 1
github.com/tsloms/server/internal/handler/firmware.go:78.50,86.2 1 1
github.com/tsloms/server/internal/handler/firmware.go:90.37,93.19 3 1
github.com/tsloms/server/internal/handler/firmware.go:93.19,96.3 2 0
github.com/tsloms/server/internal/handler/firmware.go:97.2,98.16 2 1
github.com/tsloms/server/internal/handler/firmware.go:98.16,101.3 2 0
github.com/tsloms/server/internal/handler/firmware.go:103.2,104.16 2 1
github.com/tsloms/server/internal/handler/firmware.go:104.16,107.3 2 0
github.com/tsloms/server/internal/handler/firmware.go:109.2,110.25 2 1
github.com/tsloms/server/internal/handler/firmware.go:110.25,113.3 2 0
github.com/tsloms/server/internal/handler/firmware.go:115.2,115.30 1 1
github.com/tsloms/server/internal/handler/firmware.go:115.30,118.3 2 0
github.com/tsloms/server/internal/handler/firmware.go:121.2,122.98 2 1
github.com/tsloms/server/internal/handler/firmware.go:122.98,125.3 2 0
github.com/tsloms/server/internal/handler/firmware.go:127.2,128.48 2 1
github.com/tsloms/server/internal/handler/firmware.go:128.48,131.3 2 0
github.com/tsloms/server/internal/handler/firmware.go:132.2,137.56 5 1
github.com/tsloms/server/internal/handler/firmware.go:137.56,140.3 2 0
github.com/tsloms/server/internal/handler/firmware.go:143.2,147.20 4 1
github.com/tsloms/server/internal/handler/firmware.go:147.20,149.3 1 1
github.com/tsloms/server/internal/handler/firmware.go:152.2,168.52 3 1
github.com/tsloms/server/internal/handler/firmware.go:168.52,172.3 3 0
github.com/tsloms/server/internal/handler/firmware.go:173.2,174.87 2 1
github.com/tsloms/server/internal/handler/firmware.go:178.34,180.16 2 1
github.com/tsloms/server/internal/handler/firmware.go:180.16,183.3 2 1
github.com/tsloms/server/internal/handler/firmware.go:184.2,185.53 2 1
github.com/tsloms/server/internal/handler/firmware.go:185.53,188.3 2 1
github.com/tsloms/server/internal/handler/firmware.go:189.2,189.43 1 1
github.com/tsloms/server/internal/handler/firmware.go:193.37,195.16 2 1
github.com/tsloms/server/internal/handler/firmware.go:195.16,198.3 2 0
github.com/tsloms/server/internal/handler/firmware.go:199.2,203.47 2 1
github.com/tsloms/server/internal/handler/firmware.go:203.47,206.3 2 0
github.com/tsloms/server/internal/handler/firmware.go:207.2,208.53 2 1
github.com/tsloms/server/internal/handler/firmware.go:208.53,211.3 2 1
github.com/tsloms/server/internal/handler/firmware.go:212.2,213.27 2 1
github.com/tsloms/server/internal/handler/firmware.go:213.27,215.3 1 1
github.com/tsloms/server/internal/handler/firmware.go:216.2,216.51 1 1
github.com/tsloms/server/internal/handler/firmware.go:216.51,218.18 2 1
github.com/tsloms/server/internal/handler/firmware.go:218.18,221.4 2 1
github.com/tsloms/server/internal/handler/firmware.go:222.3,223.86 2 1
github.com/tsloms/server/internal/handler/firmware.go:223.86,226.4 2 1
github.com/tsloms/server/internal/handler/firmware.go:227.3,231.56 5 1
github.com/tsloms/server/internal/handler/firmware.go:233.2,233.22 1 1
github.com/tsloms/server/internal/handler/firmware.go:233.22,234.67 1 1
github.com/tsloms/server/internal/handler/firmware.go:234.67,237.4 2 0
github.com/tsloms/server/internal/handler/firmware.go:239.2,240.41 2 1
github.com/tsloms/server/internal/handler/firmware.go:245.38,247.16 2 1
github.com/tsloms/server/internal/handler/firmware.go:247.16,250.3 2 1
github.com/tsloms/server/internal/handler/firmware.go:251.2,254.47 2 1
github.com/tsloms/server/internal/handler/firmware.go:254.47,257.3 2 0
github.com/tsloms/server/internal/handler/firmware.go:258.2,259.53 2 1
github.com/tsloms/server/internal/handler/firmware.go:259.53,262.3 2 1
github.com/tsloms/server/internal/handler/firmware.go:263.2,265.19 3 1
github.com/tsloms/server/internal/handler/firmware.go:265.19,268.3 2 1
github.com/tsloms/server/internal/handler/firmware.go:269.2,270.66 2 1
github.com/tsloms/server/internal/handler/firmware.go:270.66,273.3 2 0
github.com/tsloms/server/internal/handler/firmware.go:274.2,275.19 2 1
github.com/tsloms/server/internal/handler/firmware.go:275.19,277.3 1 1
github.com/tsloms/server/internal/handler/firmware.go:278.2,279.44 2 1
github.com/tsloms/server/internal/handler/firmware.go:283.37,285.16 2 1
github.com/tsloms/server/internal/handler/firmware.go:285.16,288.3 2 0
github.com/tsloms/server/internal/handler/firmware.go:289.2,290.53 2 1
github.com/tsloms/server/internal/handler/firmware.go:290.53,293.3 2 1
github.com/tsloms/server/internal/handler/firmware.go:294.2,294.50 1 1
github.com/tsloms/server/internal/handler/firmware.go:294.50,297.3 2 0
github.com/tsloms/server/internal/handler/firmware.go:299.2,299.22 1 1
github.com/tsloms/server/internal/handler/firmware.go:299.22,302.3 2 1
github.com/tsloms/server/internal/handler/firmware.go:303.2,304.41 2 1
github.com/tsloms/server/internal/handler/firmware.go:308.43,312.49 3 1
github.com/tsloms/server/internal/handler/firmware.go:312.49,314.3 1 1
github.com/tsloms/server/internal/handler/firmware.go:315.2,315.39 1 1
github.com/tsloms/server/internal/handler/firmware.go:315.39,317.3 1 0
github.com/tsloms/server/internal/handler/firmware.go:318.2,326.25 6 1
github.com/tsloms/server/internal/handler/firmware.go:326.25,332.3 1 1
github.com/tsloms/server/internal/handler/firmware.go:333.2,333.82 1 1
github.com/tsloms/server/internal/handler/firmware.go:338.44,343.47 2 1
github.com/tsloms/server/internal/handler/firmware.go:343.47,346.3 2 1
github.com/tsloms/server/internal/handler/firmware.go:348.2,349.86 2 1
github.com/tsloms/server/internal/handler/firmware.go:349.86,352.3 2 1
github.com/tsloms/server/internal/handler/firmware.go:354.2,355.66 2 1
github.com/tsloms/server/internal/handler/firmware.go:355.66,358.3 2 1
github.com/tsloms/server/internal/handler/firmware.go:359.2,359.19 1 1
github.com/tsloms/server/internal/handler/firmware.go:359.19,362.3 2 1
github.com/tsloms/server/internal/handler/firmware.go:365.2,367.105 2 1
github.com/tsloms/server/internal/handler/firmware.go:367.105,370.3 2 1
github.com/tsloms/server/internal/handler/firmware.go:372.2,380.52 3 1
github.com/tsloms/server/internal/handler/firmware.go:380.52,383.3 2 0
github.com/tsloms/server/internal/handler/firmware.go:384.2,385.68 2 1
github.com/tsloms/server/internal/handler/firmware.go:389.44,391.16 2 1
github.com/tsloms/server/internal/handler/firmware.go:391.16,394.3 2 1
github.com/tsloms/server/internal/handler/firmware.go:395.2,396.53 2 1
github.com/tsloms/server/internal/handler/firmware.go:396.53,399.3 2 1
github.com/tsloms/server/internal/handler/firmware.go:400.2,400.50 1 1
github.com/tsloms/server/internal/handler/firmware.go:400.50,403.3 2 0
github.com/tsloms/server/internal/handler/firmware.go:404.2,405.41 2 1
github.com/tsloms/server/internal/handler/firmware.go:411.37,412.13 1 1
github.com/tsloms/server/internal/handler/firmware.go:413.53,414.14 1 1
github.com/tsloms/server/internal/handler/firmware.go:416.2,416.14 1 1
github.com/tsloms/server/internal/handler/firmware.go:420.34,422.16 2 1
github.com/tsloms/server/internal/handler/firmware.go:422.16,424.3 1 0
github.com/tsloms/server/internal/handler/firmware.go:425.2,427.41 3 1
github.com/tsloms/server/internal/handler/firmware.go:427.41,429.3 1 0
github.com/tsloms/server/internal/handler/firmware.go:430.2,430.39 1 1
github.com/tsloms/server/internal/handler/intersection.go:12.40,35.27 8 1
github.com/tsloms/server/internal/handler/intersection.go:35.27,37.3 1 1
github.com/tsloms/server/internal/handler/intersection.go:39.2,39.28 1 1
github.com/tsloms/server/internal/handler/intersection.go:39.28,41.15 2 1
github.com/tsloms/server/internal/handler/intersection.go:41.15,44.4 2 1
github.com/tsloms/server/internal/handler/intersection.go:45.3,46.21 2 1
github.com/tsloms/server/internal/handler/intersection.go:46.21,48.4 1 1
github.com/tsloms/server/internal/handler/intersection.go:49.3,49.27 1 1
github.com/tsloms/server/internal/handler/intersection.go:49.27,51.4 1 1
github.com/tsloms/server/internal/handler/intersection.go:55.2,65.27 3 1
github.com/tsloms/server/internal/handler/intersection.go:65.27,75.3 1 1
github.com/tsloms/server/internal/handler/intersection.go:78.2,78.35 1 1
github.com/tsloms/server/internal/handler/intersection.go:78.35,79.40 1 1
github.com/tsloms/server/internal/handler/intersection.go:79.40,80.53 1 1
github.com/tsloms/server/internal/handler/intersection.go:80.53,82.5 1 0
github.com/tsloms/server/internal/handler/intersection.go:86.2,86.52 1 1
github.com/tsloms/server/internal/handler/intersection.go:91.41,96.47 2 0
github.com/tsloms/server/internal/handler/intersection.go:96.47,99.3 2 0
github.com/tsloms/server/internal/handler/intersection.go:100.2,100.24 1 0
github.com/tsloms/server/internal/handler/intersection.go:100.24,103.3 2 0
github.com/tsloms/server/internal/handler/intersection.go:104.2,105.22 2 0
github.com/tsloms/server/internal/handler/intersection.go:105.22,108.3 2 0
github.com/tsloms/server/internal/handler/intersection.go:109.2,110.77 2 0
github.com/tsloms/server/internal/handler/intersection.go:114.46,120.47 2 0
github.com/tsloms/server/internal/handler/intersection.go:120.47,123.3 2 0
github.com/tsloms/server/internal/handler/intersection.go:124.2,124.70 1 0
github.com/tsloms/server/internal/handler/intersection.go:124.70,127.3 2 0
github.com/tsloms/server/internal/handler/intersection.go:128.2,131.22 2 0
github.com/tsloms/server/internal/handler/intersection.go:131.22,134.3 2 0
github.com/tsloms/server/internal/handler/intersection.go:135.2,136.83 2 0
github.com/tsloms/server/internal/handler/intersection.go:141.40,143.24 2 0
github.com/tsloms/server/internal/handler/intersection.go:143.24,146.3 2 0
github.com/tsloms/server/internal/handler/intersection.go:147.2,148.22 2 0
github.com/tsloms/server/internal/handler/intersection.go:148.22,151.3 2 0
github.com/tsloms/server/internal/handler/intersection.go:152.2,153.74 2 0
github.com/tsloms/server/internal/handler/inventory.go:14.38,18.40 3 0
github.com/tsloms/server/internal/handler/inventory.go:18.40,21.3 2 0
github.com/tsloms/server/internal/handler/inventory.go:22.2,22.43 1 0
github.com/tsloms/server/internal/handler/inventory.go:22.43,24.3 1 0
github.com/tsloms/server/internal/handler/inventory.go:25.2,25.39 1 0
github.com/tsloms/server/internal/handler/inventory.go:25.39,27.3 1 0
github.com/tsloms/server/internal/handler/inventory.go:28.2,28.62 1 0
github.com/tsloms/server/internal/handler/inventory.go:28.62,30.3 1 0
github.com/tsloms/server/internal/handler/inventory.go:31.2,31.47 1 0
github.com/tsloms/server/internal/handler/inventory.go:31.47,33.3 1 0
github.com/tsloms/server/internal/handler/inventory.go:35.2,42.25 6 0
github.com/tsloms/server/internal/handler/inventory.go:42.25,44.3 1 0
github.com/tsloms/server/internal/handler/inventory.go:45.2,45.82 1 0
github.com/tsloms/server/internal/handler/inventory.go:48.43,57.2 1 1
github.com/tsloms/server/internal/handler/inventory.go:60.36,74.2 7 0
github.com/tsloms/server/internal/handler/inventory.go:77.35,93.47 2 1
github.com/tsloms/server/internal/handler/inventory.go:93.47,96.3 2 0
github.com/tsloms/server/internal/handler/inventory.go:97.2,98.20 2 1
github.com/tsloms/server/internal/handler/inventory.go:98.20,100.3 1 1
github.com/tsloms/server/internal/handler/inventory.go:103.2,103.35 1 1
github.com/tsloms/server/internal/handler/inventory.go:103.35,104.21 1 1
github.com/tsloms/server/internal/handler/inventory.go:104.21,107.4 2 0
github.com/tsloms/server/internal/handler/inventory.go:108.3,109.80 2 1
github.com/tsloms/server/internal/handler/inventory.go:109.80,112.4 2 1
github.com/tsloms/server/internal/handler/inventory.go:115.2,116.18 2 1
github.com/tsloms/server/internal/handler/inventory.go:116.18,118.3 1 1
github.com/tsloms/server/internal/handler/inventory.go:120.2,120.34 1 1
github.com/tsloms/server/internal/handler/inventory.go:120.34,122.59 2 0
github.com/tsloms/server/internal/handler/inventory.go:122.59,125.4 2 0
github.com/tsloms/server/internal/handler/inventory.go:126.3,131.67 2 0
github.com/tsloms/server/internal/handler/inventory.go:131.67,134.4 2 0
github.com/tsloms/server/internal/handler/inventory.go:135.3,137.9 3 0
github.com/tsloms/server/internal/handler/inventory.go:140.2,145.50 2 1
github.com/tsloms/server/internal/handler/inventory.go:145.50,148.3 2 0
github.com/tsloms/server/internal/handler/inventory.go:150.2,150.17 1 1
github.com/tsloms/server/internal/handler/inventory.go:150.17,156.3 1 1
github.com/tsloms/server/internal/handler/inventory.go:157.2,158.73 2 1
github.com/tsloms/server/internal/handler/inventory.go:162.39,164.16 2 0
github.com/tsloms/server/internal/handler/inventory.go:164.16,167.3 2 0
github.com/tsloms/server/internal/handler/inventory.go:168.2,169.53 2 0
github.com/tsloms/server/internal/handler/inventory.go:169.53,172.3 2 0
github.com/tsloms/server/internal/handler/inventory.go:173.2,173.50 1 0
github.com/tsloms/server/internal/handler/inventory.go:173.50,176.3 2 0
github.com/tsloms/server/internal/handler/inventory.go:177.2,178.41 2 0
github.com/tsloms/server/internal/handler/inventory.go:184.41,188.46 3 0
github.com/tsloms/server/internal/handler/inventory.go:188.46,190.3 1 0
github.com/tsloms/server/internal/handler/inventory.go:191.2,191.39 1 0
github.com/tsloms/server/internal/handler/inventory.go:191.39,193.3 1 0
github.com/tsloms/server/internal/handler/inventory.go:194.2,194.41 1 0
github.com/tsloms/server/internal/handler/inventory.go:194.41,196.3 1 0
github.com/tsloms/server/internal/handler/inventory.go:197.2,197.35 1 0
github.com/tsloms/server/internal/handler/inventory.go:197.35,199.3 1 0
github.com/tsloms/server/internal/handler/inventory.go:201.2,206.81 5 0
github.com/tsloms/server/internal/handler/inventory.go:211.42,218.47 2 1
github.com/tsloms/server/internal/handler/inventory.go:218.47,221.3 2 0
github.com/tsloms/server/internal/handler/inventory.go:222.2,222.18 1 1
github.com/tsloms/server/internal/handler/inventory.go:223.113,223.113 0 1
github.com/tsloms/server/internal/handler/inventory.go:224.10,226.9 2 0
github.com/tsloms/server/internal/handler/inventory.go:228.2,228.23 1 1
github.com/tsloms/server/internal/handler/inventory.go:228.23,231.3 2 0
github.com/tsloms/server/internal/handler/inventory.go:232.2,233.20 2 1
github.com/tsloms/server/internal/handler/inventory.go:233.20,235.3 1 1
github.com/tsloms/server/internal/handler/inventory.go:237.2,238.65 2 1
github.com/tsloms/server/internal/handler/inventory.go:238.65,241.3 2 0
github.com/tsloms/server/internal/handler/inventory.go:244.2,245.37 2 1
github.com/tsloms/server/internal/handler/inventory.go:245.37,247.3 1 1
github.com/tsloms/server/internal/handler/inventory.go:248.2,249.39 2 1
github.com/tsloms/server/internal/handler/inventory.go:249.39,251.3 1 0
github.com/tsloms/server/internal/handler/inventory.go:252.2,253.18 2 1
github.com/tsloms/server/internal/handler/inventory.go:253.18,256.3 2 1
github.com/tsloms/server/internal/handler/inventory.go:258.2,262.54 3 1
github.com/tsloms/server/internal/handler/inventory.go:262.54,263.70 1 1
github.com/tsloms/server/internal/handler/inventory.go:263.70,265.4 1 0
github.com/tsloms/server/internal/handler/inventory.go:266.3,270.11 1 1
github.com/tsloms/server/internal/handler/inventory.go:272.2,272.16 1 1
github.com/tsloms/server/internal/handler/inventory.go:272.16,275.3 2 0
github.com/tsloms/server/internal/handler/inventory.go:276.2,277.63 2 1
github.com/tsloms/server/internal/handler/inventory.go:283.39,290.47 2 1
github.com/tsloms/server/internal/handler/inventory.go:290.47,293.3 2 0
github.com/tsloms/server/internal/handler/inventory.go:294.2,294.23 1 1
github.com/tsloms/server/internal/handler/inventory.go:294.23,297.3 2 0
github.com/tsloms/server/internal/handler/inventory.go:298.2,299.20 2 1
github.com/tsloms/server/internal/handler/inventory.go:299.20,301.3 1 1
github.com/tsloms/server/internal/handler/inventory.go:304.2,305.67 2 1
github.com/tsloms/server/internal/handler/inventory.go:305.67,308.3 2 1
github.com/tsloms/server/internal/handler/inventory.go:311.2,312.65 2 1
github.com/tsloms/server/internal/handler/inventory.go:312.65,315.3 2 0
github.com/tsloms/server/internal/handler/inventory.go:318.2,318.28 1 1
github.com/tsloms/server/internal/handler/inventory.go:318.28,321.3 2 1
github.com/tsloms/server/internal/handler/inventory.go:322.2,328.54 4 1
github.com/tsloms/server/internal/handler/inventory.go:328.54,329.70 1 1
github.com/tsloms/server/internal/handler/inventory.go:329.70,331.4 1 0
github.com/tsloms/server/internal/handler/inventory.go:332.3,344.24 1 1
github.com/tsloms/server/internal/handler/inventory.go:344.24,346.4 1 0
github.com/tsloms/server/internal/handler/inventory.go:348.3,359.11 2 1
github.com/tsloms/server/internal/handler/inventory.go:361.2,361.16 1 1
github.com/tsloms/server/internal/handler/inventory.go:361.16,364.3 2 0
github.com/tsloms/server/internal/handler/inventory.go:365.2,367.87 2 1
github.com/tsloms/server/internal/handler/log.go:13.37,19.49 3 1
github.com/tsloms/server/internal/handler/log.go:19.49,21.3 1 0
github.com/tsloms/server/internal/handler/log.go:23.2,23.51 1 1
github.com/tsloms/server/internal/handler/log.go:23.51,25.3 1 0
github.com/tsloms/server/internal/handler/log.go:27.2,27.44 1 1
github.com/tsloms/server/internal/handler/log.go:27.44,29.3 1 1
github.com/tsloms/server/internal/handler/log.go:31.2,31.49 1 1
github.com/tsloms/server/internal/handler/log.go:31.49,32.60 1 0
github.com/tsloms/server/internal/handler/log.go:32.60,34.4 1 0
github.com/tsloms/server/internal/handler/log.go:36.2,36.43 1 1
github.com/tsloms/server/internal/handler/log.go:36.43,37.58 1 0
github.com/tsloms/server/internal/handler/log.go:37.58,39.4 1 0
github.com/tsloms/server/internal/handler/log.go:42.2,56.4 5 1
github.com/tsloms/server/internal/handler/log.go:61.40,67.53 3 1
github.com/tsloms/server/internal/handler/log.go:67.53,69.3 1 0
github.com/tsloms/server/internal/handler/log.go:71.2,71.47 1 1
github.com/tsloms/server/internal/handler/log.go:71.47,73.3 1 0
github.com/tsloms/server/internal/handler/log.go:75.2,75.49 1 1
github.com/tsloms/server/internal/handler/log.go:75.49,76.60 1 0
github.com/tsloms/server/internal/handler/log.go:76.60,78.4 1 0
github.com/tsloms/server/internal/handler/log.go:80.2,80.43 1 1
github.com/tsloms/server/internal/handler/log.go:80.43,81.58 1 0
github.com/tsloms/server/internal/handler/log.go:81.58,83.4 1 0
github.com/tsloms/server/internal/handler/log.go:86.2,100.4 5 1
github.com/tsloms/server/internal/handler/log.go:104.69,108.20 3 1
github.com/tsloms/server/internal/handler/log.go:108.20,110.3 1 1
github.com/tsloms/server/internal/handler/log.go:111.2,119.52 2 1
github.com/tsloms/server/internal/handler/log.go:119.52,121.3 1 0
github.com/tsloms/server/internal/handler/media.go:20.24,22.15 2 0
github.com/tsloms/server/internal/handler/media.go:22.15,24.3 1 0
github.com/tsloms/server/internal/handler/media.go:25.2,25.12 1 0
github.com/tsloms/server/internal/handler/media.go:29.30,31.13 2 0
github.com/tsloms/server/internal/handler/media.go:31.13,33.3 1 0
github.com/tsloms/server/internal/handler/media.go:34.2,34.10 1 0
github.com/tsloms/server/internal/handler/media.go:39.38,43.49 3 0
github.com/tsloms/server/internal/handler/media.go:43.49,45.3 1 0
github.com/tsloms/server/internal/handler/media.go:46.2,46.43 1 0
github.com/tsloms/server/internal/handler/media.go:46.43,48.3 1 0
github.com/tsloms/server/internal/handler/media.go:49.2,49.41 1 0
github.com/tsloms/server/internal/handler/media.go:49.41,51.3 1 0
github.com/tsloms/server/internal/handler/media.go:53.2,60.81 5 0
github.com/tsloms/server/internal/handler/media.go:65.40,68.21 3 0
github.com/tsloms/server/internal/handler/media.go:68.21,70.3 1 0
github.com/tsloms/server/internal/handler/media.go:71.2,81.16 8 0
github.com/tsloms/server/internal/handler/media.go:81.16,84.3 2 0
github.com/tsloms/server/internal/handler/media.go:87.2,87.57 1 0
github.com/tsloms/server/internal/handler/media.go:87.57,88.25 1 0
github.com/tsloms/server/internal/handler/media.go:88.25,91.4 2 0
github.com/tsloms/server/internal/handler/media.go:95.2,96.16 2 0
github.com/tsloms/server/internal/handler/media.go:96.16,99.3 2 0
github.com/tsloms/server/internal/handler/media.go:102.2,104.19 3 0
github.com/tsloms/server/internal/handler/media.go:104.19,107.3 2 0
github.com/tsloms/server/internal/handler/media.go:109.2,109.31 1 0
github.com/tsloms/server/internal/handler/media.go:109.31,112.3 2 0
github.com/tsloms/server/internal/handler/media.go:115.2,116.16 2 0
github.com/tsloms/server/internal/handler/media.go:116.16,119.3 2 0
github.com/tsloms/server/internal/handler/media.go:120.2,123.11 4 0
github.com/tsloms/server/internal/handler/media.go:123.11,124.58 1 0
github.com/tsloms/server/internal/handler/media.go:124.58,127.4 2 0
github.com/tsloms/server/internal/handler/media.go:131.2,132.48 2 0
github.com/tsloms/server/internal/handler/media.go:132.48,135.3 2 0
github.com/tsloms/server/internal/handler/media.go:138.2,140.56 3 0
github.com/tsloms/server/internal/handler/media.go:140.56,143.3 2 0
github.com/tsloms/server/internal/handler/media.go:146.2,163.54 3 0
github.com/tsloms/server/internal/handler/media.go:163.54,167.3 3 0
github.com/tsloms/server/internal/handler/media.go:170.2,172.57 2 0
github.com/tsloms/server/internal/handler/media.go:177.38,189.47 2 0
github.com/tsloms/server/internal/handler/media.go:189.47,192.3 2 0
github.com/tsloms/server/internal/handler/media.go:196.2,196.23 1 0
github.com/tsloms/server/internal/handler/media.go:197.51,197.51 0 0
github.com/tsloms/server/internal/handler/media.go:198.10,200.9 2 0
github.com/tsloms/server/internal/handler/media.go:204.2,204.30 1 0
github.com/tsloms/server/internal/handler/media.go:204.30,207.3 2 0
github.com/tsloms/server/internal/handler/media.go:210.2,210.67 1 0
github.com/tsloms/server/internal/handler/media.go:210.67,213.3 2 0
github.com/tsloms/server/internal/handler/media.go:216.2,217.86 2 0
github.com/tsloms/server/internal/handler/media.go:217.86,220.3 2 0
github.com/tsloms/server/internal/handler/media.go:223.2,225.39 3 0
github.com/tsloms/server/internal/handler/media.go:225.39,227.3 1 0
github.com/tsloms/server/internal/handler/media.go:230.2,231.12 2 0
github.com/tsloms/server/internal/handler/media.go:231.12,233.3 1 0
github.com/tsloms/server/internal/handler/media.go:235.2,248.54 2 0
github.com/tsloms/server/internal/handler/media.go:248.54,251.3 2 0
github.com/tsloms/server/internal/handler/media.go:252.2,254.19 3 0
github.com/tsloms/server/internal/handler/media.go:254.19,256.3 1 0
github.com/tsloms/server/internal/handler/media.go:257.2,257.13 1 0
github.com/tsloms/server/internal/handler/media.go:261.40,263.16 2 0
github.com/tsloms/server/internal/handler/media.go:263.16,266.3 2 0
github.com/tsloms/server/internal/handler/media.go:267.2,268.57 2 0
github.com/tsloms/server/internal/handler/media.go:268.57,271.3 2 0
github.com/tsloms/server/internal/handler/media.go:272.2,272.54 1 0
github.com/tsloms/server/internal/handler/media.go:272.54,275.3 2 0
github.com/tsloms/server/internal/handler/media.go:277.2,277.45 1 0
github.com/tsloms/server/internal/handler/media.go:277.45,279.3 1 0
github.com/tsloms/server/internal/handler/media.go:280.2,281.41 2 0
github.com/tsloms/server/internal/handler/media.go:285.36,286.13 1 0
github.com/tsloms/server/internal/handler/media.go:287.39,288.26 1 0
github.com/tsloms/server/internal/handler/media.go:289.10,290.26 1 0
github.com/tsloms/server/internal/handler/media.go:295.38,296.41 1 0
github.com/tsloms/server/internal/handler/media.go:296.41,298.3 1 0
github.com/tsloms/server/internal/handler/media.go:299.2,299.11 1 0
github.com/tsloms/server/internal/handler/media.go:303.36,307.75 3 1
github.com/tsloms/server/internal/handler/media.go:307.75,308.67 1 1
github.com/tsloms/server/internal/handler/media.go:308.67,310.4 1 1
github.com/tsloms/server/internal/handler/media.go:312.2,312.14 1 1
github.com/tsloms/server/internal/handler/media.go:317.48,318.13 1 0
github.com/tsloms/server/internal/handler/media.go:318.13,320.3 1 0
github.com/tsloms/server/internal/handler/media.go:321.2,321.23 1 0
github.com/tsloms/server/internal/handler/media.go:321.23,322.27 1 0
github.com/tsloms/server/internal/handler/media.go:322.27,324.4 1 0
github.com/tsloms/server/internal/handler/media.go:326.2,327.23 2 0
github.com/tsloms/server/internal/handler/media.go:327.23,329.25 2 0
github.com/tsloms/server/internal/handler/media.go:329.25,331.4 1 0
github.com/tsloms/server/internal/handler/media.go:333.2,333.23 1 0
github.com/tsloms/server/internal/handler/media.go:338.45,339.20 1 0
github.com/tsloms/server/internal/handler/media.go:339.20,341.3 1 0
github.com/tsloms/server/internal/handler/media.go:342.2,344.11 3 0
github.com/tsloms/server/internal/handler/media.go:344.11,346.3 1 0
github.com/tsloms/server/internal/handler/media.go:347.2,347.11 1 0
github.com/tsloms/server/internal/handler/media.go:347.11,351.3 1 0
github.com/tsloms/server/internal/handler/media.go:352.2,352.14 1 0
github.com/tsloms/server/internal/handler/notification.go:15.43,18.36 3 1
github.com/tsloms/server/internal/handler/notification.go:18.36,19.53 1 1
github.com/tsloms/server/internal/handler/notification.go:19.53,21.4 1 0
github.com/tsloms/server/internal/handler/notification.go:23.2,25.65 3 1
github.com/tsloms/server/internal/handler/notification.go:29.37,32.2 2 1
github.com/tsloms/server/internal/handler/notification.go:35.42,37.16 2 1
github.com/tsloms/server/internal/handler/notification.go:37.16,40.3 2 1
github.com/tsloms/server/internal/handler/notification.go:41.2,42.63 2 1
github.com/tsloms/server/internal/handler/notification.go:42.63,45.3 2 0
github.com/tsloms/server/internal/handler/notification.go:46.2,46.24 1 1
github.com/tsloms/server/internal/handler/notification.go:50.46,52.60 2 1
github.com/tsloms/server/internal/handler/notification.go:52.60,55.3 2 0
github.com/tsloms/server/internal/handler/notification.go:56.2,56.26 1 1
github.com/tsloms/server/internal/handler/proxy.go:16.37,20.35 4 1
github.com/tsloms/server/internal/handler/proxy.go:20.35,23.3 2 1
github.com/tsloms/server/internal/handler/proxy.go:26.2,32.16 5 0
github.com/tsloms/server/internal/handler/proxy.go:32.16,35.3 2 0
github.com/tsloms/server/internal/handler/proxy.go:36.2,40.16 3 0
github.com/tsloms/server/internal/handler/proxy.go:40.16,43.3 2 0
github.com/tsloms/server/internal/handler/proxy.go:44.2,46.38 2 0
github.com/tsloms/server/internal/handler/proxy.go:46.38,49.3 2 0
github.com/tsloms/server/internal/handler/proxy.go:52.2,55.30 4 0
github.com/tsloms/server/internal/handler/proxy.go:59.37,64.35 5 1
github.com/tsloms/server/internal/handler/proxy.go:64.35,67.3 2 1
github.com/tsloms/server/internal/handler/proxy.go:68.2,70.18 3 0
github.com/tsloms/server/internal/handler/proxy.go:70.18,72.3 1 0
github.com/tsloms/server/internal/handler/proxy.go:73.2,77.16 4 0
github.com/tsloms/server/internal/handler/proxy.go:77.16,80.3 2 0
github.com/tsloms/server/internal/handler/proxy.go:81.2,85.16 4 0
github.com/tsloms/server/internal/handler/proxy.go:85.16,88.3 2 0
github.com/tsloms/server/internal/handler/proxy.go:89.2,90.38 2 0
github.com/tsloms/server/internal/handler/proxy.go:90.38,93.3 2 0
github.com/tsloms/server/internal/handler/proxy.go:94.2,97.30 4 0
github.com/tsloms/server/internal/handler/proxy.go:101.33,103.23 2 1
github.com/tsloms/server/internal/handler/proxy.go:103.23,104.27 1 1
github.com/tsloms/server/internal/handler/proxy.go:104.27,105.9 1 1
github.com/tsloms/server/internal/handler/proxy.go:107.3,107.25 1 1
github.com/tsloms/server/internal/handler/proxy.go:109.2,109.10 1 1
github.com/tsloms/server/internal/handler/purchase.go:13.103,15.27 2 0
github.com/tsloms/server/internal/handler/purchase.go:15.27,20.3 1 0
github.com/tsloms/server/internal/handler/purchase.go:21.2,26.3 1 0
github.com/tsloms/server/internal/handler/purchase.go:30.41,33.41 3 0
github.com/tsloms/server/internal/handler/purchase.go:33.41,35.3 1 0
github.com/tsloms/server/internal/handler/purchase.go:36.2,36.46 1 0
github.com/tsloms/server/internal/handler/purchase.go:36.46,38.3 1 0
github.com/tsloms/server/internal/handler/purchase.go:39.2,39.39 1 0
github.com/tsloms/server/internal/handler/purchase.go:39.39,41.3 1 0
github.com/tsloms/server/internal/handler/purchase.go:42.2,48.26 6 0
github.com/tsloms/server/internal/handler/purchase.go:48.26,51.65 3 0
github.com/tsloms/server/internal/handler/purchase.go:51.65,53.4 1 0
github.com/tsloms/server/internal/handler/purchase.go:54.3,54.54 1 0
github.com/tsloms/server/internal/handler/purchase.go:56.2,56.82 1 0
github.com/tsloms/server/internal/handler/purchase.go:60.39,62.16 2 0
github.com/tsloms/server/internal/handler/purchase.go:62.16,65.3 2 0
github.com/tsloms/server/internal/handler/purchase.go:66.2,67.54 2 0
github.com/tsloms/server/internal/handler/purchase.go:67.54,70.3 2 0
github.com/tsloms/server/internal/handler/purchase.go:71.2,73.64 3 0
github.com/tsloms/server/internal/handler/purchase.go:73.64,75.3 1 0
github.com/tsloms/server/internal/handler/purchase.go:76.2,78.58 3 0
github.com/tsloms/server/internal/handler/purchase.go:83.42,93.47 2 1
github.com/tsloms/server/internal/handler/purchase.go:93.47,96.3 2 0
github.com/tsloms/server/internal/handler/purchase.go:97.2,97.25 1 1
github.com/tsloms/server/internal/handler/purchase.go:97.25,100.3 2 0
github.com/tsloms/server/internal/handler/purchase.go:101.2,102.65 2 1
github.com/tsloms/server/internal/handler/purchase.go:102.65,105.3 2 0
github.com/tsloms/server/internal/handler/purchase.go:106.2,107.20 2 1
github.com/tsloms/server/internal/handler/purchase.go:107.20,109.3 1 1
github.com/tsloms/server/internal/handler/purchase.go:111.2,113.31 3 1
github.com/tsloms/server/internal/handler/purchase.go:113.31,114.23 1 1
github.com/tsloms/server/internal/handler/purchase.go:114.23,117.4 2 0
github.com/tsloms/server/internal/handler/purchase.go:118.3,119.65 2 1
github.com/tsloms/server/internal/handler/purchase.go:119.65,122.4 2 0
github.com/tsloms/server/internal/handler/purchase.go:123.3,124.17 2 1
github.com/tsloms/server/internal/handler/purchase.go:124.17,126.4 1 0
github.com/tsloms/server/internal/handler/purchase.go:127.3,132.5 3 1
github.com/tsloms/server/internal/handler/purchase.go:135.2,136.54 2 1
github.com/tsloms/server/internal/handler/purchase.go:136.54,142.46 3 1
github.com/tsloms/server/internal/handler/purchase.go:142.46,144.4 1 0
github.com/tsloms/server/internal/handler/purchase.go:145.3,145.24 1 1
github.com/tsloms/server/internal/handler/purchase.go:145.24,147.4 1 1
github.com/tsloms/server/internal/handler/purchase.go:148.3,148.33 1 1
github.com/tsloms/server/internal/handler/purchase.go:150.2,150.16 1 1
github.com/tsloms/server/internal/handler/purchase.go:150.16,153.3 2 0
github.com/tsloms/server/internal/handler/purchase.go:154.2,155.63 2 1
github.com/tsloms/server/internal/handler/purchase.go:160.38,162.16 2 1
github.com/tsloms/server/internal/handler/purchase.go:162.16,165.3 2 0
github.com/tsloms/server/internal/handler/purchase.go:166.2,172.47 2 1
github.com/tsloms/server/internal/handler/purchase.go:172.47,175.3 2 0
github.com/tsloms/server/internal/handler/purchase.go:176.2,177.54 2 1
github.com/tsloms/server/internal/handler/purchase.go:177.54,180.3 2 0
github.com/tsloms/server/internal/handler/purchase.go:181.2,181.94 1 1
github.com/tsloms/server/internal/handler/purchase.go:181.94,184.3 2 1
github.com/tsloms/server/internal/handler/purchase.go:185.2,186.20 2 1
github.com/tsloms/server/internal/handler/purchase.go:186.20,188.3 1 1
github.com/tsloms/server/internal/handler/purchase.go:191.2,194.23 4 1
github.com/tsloms/server/internal/handler/purchase.go:194.23,196.3 1 1
github.com/tsloms/server/internal/handler/purchase.go:197.2,197.30 1 1
github.com/tsloms/server/internal/handler/purchase.go:197.30,199.10 2 1
github.com/tsloms/server/internal/handler/purchase.go:199.10,202.4 2 0
github.com/tsloms/server/internal/handler/purchase.go:203.3,203.22 1 1
github.com/tsloms/server/internal/handler/purchase.go:203.22,206.4 2 0
github.com/tsloms/server/internal/handler/purchase.go:207.3,207.46 1 1
github.com/tsloms/server/internal/handler/purchase.go:207.46,210.4 2 0
github.com/tsloms/server/internal/handler/purchase.go:213.2,213.53 1 1
github.com/tsloms/server/internal/handler/purchase.go:213.53,215.31 2 1
github.com/tsloms/server/internal/handler/purchase.go:215.31,218.124 3 1
github.com/tsloms/server/internal/handler/purchase.go:218.124,220.5 1 0
github.com/tsloms/server/internal/handler/purchase.go:222.4,223.60 2 1
github.com/tsloms/server/internal/handler/purchase.go:223.60,225.5 1 0
github.com/tsloms/server/internal/handler/purchase.go:226.4,226.81 1 1
github.com/tsloms/server/internal/handler/purchase.go:226.81,228.5 1 0
github.com/tsloms/server/internal/handler/purchase.go:229.4,233.25 1 1
github.com/tsloms/server/internal/handler/purchase.go:233.25,235.5 1 0
github.com/tsloms/server/internal/handler/purchase.go:236.4,236.29 1 1
github.com/tsloms/server/internal/handler/purchase.go:236.29,238.5 1 1
github.com/tsloms/server/internal/handler/purchase.go:242.3,243.74 2 1
github.com/tsloms/server/internal/handler/purchase.go:243.74,245.4 1 0
github.com/tsloms/server/internal/handler/purchase.go:246.3,246.25 1 1
github.com/tsloms/server/internal/handler/purchase.go:246.25,247.34 1 1
github.com/tsloms/server/internal/handler/purchase.go:247.34,249.10 2 1
github.com/tsloms/server/internal/handler/purchase.go:252.3,253.18 2 1
github.com/tsloms/server/internal/handler/purchase.go:253.18,255.4 1 1
github.com/tsloms/server/internal/handler/purchase.go:256.3,257.46 2 1
github.com/tsloms/server/internal/handler/purchase.go:257.46,260.4 2 1
github.com/tsloms/server/internal/handler/purchase.go:261.3,261.46 1 1
github.com/tsloms/server/internal/handler/purchase.go:263.2,263.16 1 1
github.com/tsloms/server/internal/handler/purchase.go:263.16,266.3 2 0
github.com/tsloms/server/internal/handler/purchase.go:267.2,268.44 2 1
github.com/tsloms/server/internal/handler/purchase.go:268.44,270.3 1 0
github.com/tsloms/server/internal/handler/purchase.go:271.2,272.41 2 1
github.com/tsloms/server/internal/handler/purchase.go:276.37,278.16 2 0
github.com/tsloms/server/internal/handler/purchase.go:278.16,281.3 2 0
github.com/tsloms/server/internal/handler/purchase.go:282.2,283.54 2 0
github.com/tsloms/server/internal/handler/purchase.go:283.54,286.3 2 0
github.com/tsloms/server/internal/handler/purchase.go:287.2,287.94 1 0
github.com/tsloms/server/internal/handler/purchase.go:287.94,290.3 2 0
github.com/tsloms/server/internal/handler/purchase.go:291.2,291.98 1 0
github.com/tsloms/server/internal/handler/purchase.go:291.98,294.3 2 0
github.com/tsloms/server/internal/handler/purchase.go:295.2,296.47 2 0
github.com/tsloms/server/internal/handler/purchase.go:300.37,302.16 2 0
github.com/tsloms/server/internal/handler/purchase.go:302.16,305.3 2 0
github.com/tsloms/server/internal/handler/purchase.go:306.2,307.54 2 0
github.com/tsloms/server/internal/handler/purchase.go:307.54,310.3 2 0
github.com/tsloms/server/internal/handler/purchase.go:311.2,311.44 1 0
github.com/tsloms/server/internal/handler/purchase.go:311.44,314.3 2 0
github.com/tsloms/server/internal/handler/purchase.go:315.2,315.51 1 0
github.com/tsloms/server/internal/handler/purchase.go:315.51,318.3 2 0
github.com/tsloms/server/internal/handler/purchase.go:319.2,321.41 3 0
github.com/tsloms/server/internal/handler/rbac.go:15.36,19.16 4 0
github.com/tsloms/server/internal/handler/rbac.go:19.16,22.3 2 0
github.com/tsloms/server/internal/handler/rbac.go:23.2,23.50 1 0
github.com/tsloms/server/internal/handler/rbac.go:27.38,36.26 7 0
github.com/tsloms/server/internal/handler/rbac.go:36.26,37.39 1 0
github.com/tsloms/server/internal/handler/rbac.go:37.39,40.4 2 0
github.com/tsloms/server/internal/handler/rbac.go:41.3,44.22 2 0
github.com/tsloms/server/internal/handler/rbac.go:46.2,47.26 2 0
github.com/tsloms/server/internal/handler/rbac.go:47.26,49.3 1 0
github.com/tsloms/server/internal/handler/rbac.go:50.2,50.52 1 0
github.com/tsloms/server/internal/handler/rbac.go:54.32,62.26 6 0
github.com/tsloms/server/internal/handler/rbac.go:62.26,64.3 1 0
github.com/tsloms/server/internal/handler/rbac.go:66.2,67.26 2 0
github.com/tsloms/server/internal/handler/rbac.go:67.26,71.26 4 0
github.com/tsloms/server/internal/handler/rbac.go:71.26,72.50 1 0
github.com/tsloms/server/internal/handler/rbac.go:72.50,74.5 1 0
github.com/tsloms/server/internal/handler/rbac.go:76.3,79.5 1 0
github.com/tsloms/server/internal/handler/rbac.go:81.2,81.48 1 0
github.com/tsloms/server/internal/handler/rbac.go:85.33,92.47 2 0
github.com/tsloms/server/internal/handler/rbac.go:92.47,95.3 2 0
github.com/tsloms/server/internal/handler/rbac.go:96.2,96.120 1 0
github.com/tsloms/server/internal/handler/rbac.go:96.120,99.3 2 0
github.com/tsloms/server/internal/handler/rbac.go:100.2,102.15 3 0
github.com/tsloms/server/internal/handler/rbac.go:102.15,105.3 2 0
github.com/tsloms/server/internal/handler/rbac.go:107.2,108.53 2 0
github.com/tsloms/server/internal/handler/rbac.go:108.53,111.3 2 0
github.com/tsloms/server/internal/handler/rbac.go:113.2,115.81 3 0
github.com/tsloms/server/internal/handler/rbac.go:119.33,121.16 2 0
github.com/tsloms/server/internal/handler/rbac.go:121.16,124.3 2 0
github.com/tsloms/server/internal/handler/rbac.go:125.2,126.56 2 0
github.com/tsloms/server/internal/handler/rbac.go:126.56,129.3 2 0
github.com/tsloms/server/internal/handler/rbac.go:130.2,130.18 1 0
github.com/tsloms/server/internal/handler/rbac.go:130.18,133.3 2 0
github.com/tsloms/server/internal/handler/rbac.go:134.2,139.47 2 0
github.com/tsloms/server/internal/handler/rbac.go:139.47,142.3 2 0
github.com/tsloms/server/internal/handler/rbac.go:143.2,143.21 1 0
github.com/tsloms/server/internal/handler/rbac.go:143.21,145.3 1 0
github.com/tsloms/server/internal/handler/rbac.go:146.2,146.28 1 0
github.com/tsloms/server/internal/handler/rbac.go:146.28,148.3 1 0
github.com/tsloms/server/internal/handler/rbac.go:149.2,149.28 1 0
github.com/tsloms/server/internal/handler/rbac.go:149.28,151.3 1 0
github.com/tsloms/server/internal/handler/rbac.go:152.2,153.47 2 0
github.com/tsloms/server/internal/handler/rbac.go:157.33,159.16 2 0
github.com/tsloms/server/internal/handler/rbac.go:159.16,162.3 2 0
github.com/tsloms/server/internal/handler/rbac.go:163.2,164.56 2 0
github.com/tsloms/server/internal/handler/rbac.go:164.56,167.3 2 0
github.com/tsloms/server/internal/handler/rbac.go:168.2,168.18 1 0
github.com/tsloms/server/internal/handler/rbac.go:168.18,171.3 2 0
github.com/tsloms/server/internal/handler/rbac.go:172.2,174.19 3 0
github.com/tsloms/server/internal/handler/rbac.go:174.19,177.3 2 0
github.com/tsloms/server/internal/handler/rbac.go:178.2,181.47 4 0
github.com/tsloms/server/internal/handler/rbac.go:185.71,187.29 2 0
github.com/tsloms/server/internal/handler/rbac.go:187.29,189.74 2 0
github.com/tsloms/server/internal/handler/rbac.go:189.74,190.12 1 0
github.com/tsloms/server/internal/handler/rbac.go:192.3,192.97 1 0
github.com/tsloms/server/internal/handler/rbac.go:197.41,199.16 2 0
github.com/tsloms/server/internal/handler/rbac.go:199.16,202.3 2 0
github.com/tsloms/server/internal/handler/rbac.go:203.2,204.56 2 0
github.com/tsloms/server/internal/handler/rbac.go:204.56,207.3 2 0
github.com/tsloms/server/internal/handler/rbac.go:209.2,212.81 4 0
github.com/tsloms/server/internal/handler/rbac.go:212.81,214.3 1 0
github.com/tsloms/server/internal/handler/rbac.go:215.2,218.29 4 0
github.com/tsloms/server/internal/handler/rbac.go:218.29,220.3 1 0
github.com/tsloms/server/internal/handler/rbac.go:221.2,221.27 1 0
github.com/tsloms/server/internal/handler/rbac.go:221.27,222.49 1 0
github.com/tsloms/server/internal/handler/rbac.go:222.49,224.4 1 0
github.com/tsloms/server/internal/handler/rbac.go:228.2,232.25 5 0
github.com/tsloms/server/internal/handler/rbac.go:232.25,233.17 1 0
github.com/tsloms/server/internal/handler/rbac.go:233.17,235.4 1 0
github.com/tsloms/server/internal/handler/rbac.go:235.9,237.4 1 0
github.com/tsloms/server/internal/handler/rbac.go:240.2,245.4 1 0
github.com/tsloms/server/internal/handler/rbac.go:251.41,253.16 2 0
github.com/tsloms/server/internal/handler/rbac.go:253.16,256.3 2 0
github.com/tsloms/server/internal/handler/rbac.go:257.2,258.56 2 0
github.com/tsloms/server/internal/handler/rbac.go:258.56,261.3 2 0
github.com/tsloms/server/internal/handler/rbac.go:263.2,263.69 1 0
github.com/tsloms/server/internal/handler/rbac.go:263.69,266.3 2 0
github.com/tsloms/server/internal/handler/rbac.go:267.2,271.47 2 0
github.com/tsloms/server/internal/handler/rbac.go:271.47,274.3 2 0
github.com/tsloms/server/internal/handler/rbac.go:277.2,278.41 2 0
github.com/tsloms/server/internal/handler/rbac.go:278.41,280.3 1 0
github.com/tsloms/server/internal/handler/rbac.go:281.2,282.25 2 0
github.com/tsloms/server/internal/handler/rbac.go:282.25,283.35 1 0
github.com/tsloms/server/internal/handler/rbac.go:283.35,284.20 1 0
github.com/tsloms/server/internal/handler/rbac.go:284.20,285.13 1 0
github.com/tsloms/server/internal/handler/rbac.go:287.4,287.87 1 0
github.com/tsloms/server/internal/handler/rbac.go:289.8,291.35 1 0
github.com/tsloms/server/internal/handler/rbac.go:291.35,292.20 1 0
github.com/tsloms/server/internal/handler/rbac.go:292.20,293.13 1 0
github.com/tsloms/server/internal/handler/rbac.go:295.4,295.88 1 0
github.com/tsloms/server/internal/handler/rbac.go:298.2,299.50 2 0
github.com/tsloms/server/internal/handler/response.go:12.37,18.2 1 1
github.com/tsloms/server/internal/handler/response.go:21.29,27.2 1 1
github.com/tsloms/server/internal/handler/response.go:30.71,36.2 1 1
github.com/tsloms/server/internal/handler/response.go:39.49,41.2 1 1
github.com/tsloms/server/internal/handler/response.go:44.51,46.2 1 1
github.com/tsloms/server/internal/handler/response.go:49.47,51.2 1 1
github.com/tsloms/server/internal/handler/response.go:55.45,56.16 1 0
github.com/tsloms/server/internal/handler/response.go:56.16,58.35 2 0
github.com/tsloms/server/internal/handler/response.go:58.35,61.4 2 0
github.com/tsloms/server/internal/handler/response.go:63.2,63.84 1 0
github.com/tsloms/server/internal/handler/response.go:67.40,70.2 2 1
github.com/tsloms/server/internal/handler/response.go:80.44,83.14 3 1
github.com/tsloms/server/internal/handler/response.go:83.14,85.3 1 1
github.com/tsloms/server/internal/handler/response.go:86.2,86.18 1 1
github.com/tsloms/server/internal/handler/response.go:86.18,88.3 1 1
github.com/tsloms/server/internal/handler/response.go:89.2,89.28 1 1
github.com/tsloms/server/internal/handler/response.go:89.28,91.3 1 1
github.com/tsloms/server/internal/handler/response.go:92.2,92.23 1 1
github.com/tsloms/server/internal/handler/response.go:96.38,99.2 2 0
github.com/tsloms/server/internal/handler/supplier.go:11.36,13.55 1 1
github.com/tsloms/server/internal/handler/supplier.go:13.55,15.77 2 1
github.com/tsloms/server/internal/handler/supplier.go:15.77,18.4 2 0
github.com/tsloms/server/internal/handler/supplier.go:19.3,20.9 2 1
github.com/tsloms/server/internal/handler/supplier.go:23.2,25.40 3 1
github.com/tsloms/server/internal/handler/supplier.go:25.40,28.3 2 1
github.com/tsloms/server/internal/handler/supplier.go:29.2,33.81 5 1
github.com/tsloms/server/internal/handler/supplier.go:37.35,48.47 2 1
github.com/tsloms/server/internal/handler/supplier.go:48.47,51.3 2 1
github.com/tsloms/server/internal/handler/supplier.go:52.2,53.18 2 1
github.com/tsloms/server/internal/handler/supplier.go:53.18,55.3 1 1
github.com/tsloms/server/internal/handler/supplier.go:57.2,57.34 1 1
github.com/tsloms/server/internal/handler/supplier.go:57.34,59.59 2 1
github.com/tsloms/server/internal/handler/supplier.go:59.59,62.4 2 1
github.com/tsloms/server/internal/handler/supplier.go:63.3,67.67 2 1
github.com/tsloms/server/internal/handler/supplier.go:67.67,70.4 2 0
github.com/tsloms/server/internal/handler/supplier.go:71.3,73.9 3 1
github.com/tsloms/server/internal/handler/supplier.go:76.2,80.50 2 1
github.com/tsloms/server/internal/handler/supplier.go:80.50,83.3 2 0
github.com/tsloms/server/internal/handler/supplier.go:84.2,85.62 2 1
github.com/tsloms/server/internal/handler/supplier.go:89.37,91.16 2 1
github.com/tsloms/server/internal/handler/supplier.go:91.16,94.3 2 1
github.com/tsloms/server/internal/handler/supplier.go:95.2,96.53 2 1
github.com/tsloms/server/internal/handler/supplier.go:96.53,99.3 2 1
github.com/tsloms/server/internal/handler/supplier.go:100.2,100.50 1 1
github.com/tsloms/server/internal/handler/supplier.go:100.50,103.3 2 0
github.com/tsloms/server/internal/handler/supplier.go:104.2,105.41 2 1
github.com/tsloms/server/internal/handler/user.go:12.42,19.26 4 0
github.com/tsloms/server/internal/handler/user.go:19.26,21.3 1 0
github.com/tsloms/server/internal/handler/user.go:22.2,22.48 1 0
github.com/tsloms/server/internal/handler/user.go:27.32,31.41 3 1
github.com/tsloms/server/internal/handler/user.go:31.41,33.3 1 0
github.com/tsloms/server/internal/handler/user.go:34.2,34.47 1 1
github.com/tsloms/server/internal/handler/user.go:34.47,36.3 1 0
github.com/tsloms/server/internal/handler/user.go:37.2,37.50 1 1
github.com/tsloms/server/internal/handler/user.go:37.50,38.57 1 1
github.com/tsloms/server/internal/handler/user.go:38.57,40.4 1 1
github.com/tsloms/server/internal/handler/user.go:42.2,42.50 1 1
github.com/tsloms/server/internal/handler/user.go:42.50,44.3 1 1
github.com/tsloms/server/internal/handler/user.go:46.2,58.26 7 1
github.com/tsloms/server/internal/handler/user.go:58.26,59.28 1 1
github.com/tsloms/server/internal/handler/user.go:59.28,61.4 1 1
github.com/tsloms/server/internal/handler/user.go:63.2,63.22 1 1
github.com/tsloms/server/internal/handler/user.go:63.22,66.27 3 1
github.com/tsloms/server/internal/handler/user.go:66.27,68.4 1 1
github.com/tsloms/server/internal/handler/user.go:72.2,73.26 2 1
github.com/tsloms/server/internal/handler/user.go:73.26,75.28 2 1
github.com/tsloms/server/internal/handler/user.go:75.28,77.4 1 1
github.com/tsloms/server/internal/handler/user.go:78.3,88.5 1 1
github.com/tsloms/server/internal/handler/user.go:91.2,91.86 1 1
github.com/tsloms/server/internal/handler/user.go:95.49,96.18 1 1
github.com/tsloms/server/internal/handler/user.go:96.18,98.3 1 1
github.com/tsloms/server/internal/handler/user.go:99.2,101.23 3 1
github.com/tsloms/server/internal/handler/user.go:101.23,102.10 1 1
github.com/tsloms/server/internal/handler/user.go:103.51,104.20 1 1
github.com/tsloms/server/internal/handler/user.go:105.29,106.19 1 1
github.com/tsloms/server/internal/handler/user.go:109.2,109.29 1 1
github.com/tsloms/server/internal/handler/user.go:109.29,111.3 1 1
github.com/tsloms/server/internal/handler/user.go:112.2,112.11 1 1
github.com/tsloms/server/internal/handler/user.go:116.33,126.47 2 1
github.com/tsloms/server/internal/handler/user.go:126.47,129.3 2 0
github.com/tsloms/server/internal/handler/user.go:130.2,130.62 1 1
github.com/tsloms/server/internal/handler/user.go:130.62,133.3 2 1
github.com/tsloms/server/internal/handler/user.go:134.2,134.26 1 1
github.com/tsloms/server/internal/handler/user.go:134.26,137.3 2 0
github.com/tsloms/server/internal/handler/user.go:140.2,142.15 3 1
github.com/tsloms/server/internal/handler/user.go:142.15,145.3 2 1
github.com/tsloms/server/internal/handler/user.go:147.2,147.29 1 1
github.com/tsloms/server/internal/handler/user.go:147.29,149.72 2 1
github.com/tsloms/server/internal/handler/user.go:149.72,152.4 2 0
github.com/tsloms/server/internal/handler/user.go:155.2,165.53 2 1
github.com/tsloms/server/internal/handler/user.go:165.53,168.3 2 0
github.com/tsloms/server/internal/handler/user.go:170.2,171.108 2 1
github.com/tsloms/server/internal/handler/user.go:175.33,177.16 2 0
github.com/tsloms/server/internal/handler/user.go:177.16,180.3 2 0
github.com/tsloms/server/internal/handler/user.go:182.2,183.56 2 0
github.com/tsloms/server/internal/handler/user.go:183.56,186.3 2 0
github.com/tsloms/server/internal/handler/user.go:188.2,196.47 2 0
github.com/tsloms/server/internal/handler/user.go:196.47,199.3 2 0
github.com/tsloms/server/internal/handler/user.go:201.2,202.45 2 0
github.com/tsloms/server/internal/handler/user.go:202.45,204.3 1 0
github.com/tsloms/server/internal/handler/user.go:205.2,205.25 1 0
github.com/tsloms/server/internal/handler/user.go:205.25,207.3 1 0
github.com/tsloms/server/internal/handler/user.go:208.2,208.22 1 0
github.com/tsloms/server/internal/handler/user.go:208.22,210.3 1 0
github.com/tsloms/server/internal/handler/user.go:211.2,211.22 1 0
github.com/tsloms/server/internal/handler/user.go:211.22,213.3 1 0
github.com/tsloms/server/internal/handler/user.go:214.2,214.29 1 0
github.com/tsloms/server/internal/handler/user.go:214.29,216.72 2 0
github.com/tsloms/server/internal/handler/user.go:216.72,219.4 2 0
github.com/tsloms/server/internal/handler/user.go:220.3,220.47 1 0
github.com/tsloms/server/internal/handler/user.go:222.2,222.23 1 0
github.com/tsloms/server/internal/handler/user.go:222.23,223.88 1 0
github.com/tsloms/server/internal/handler/user.go:223.88,226.4 2 0
github.com/tsloms/server/internal/handler/user.go:227.3,227.34 1 0
github.com/tsloms/server/internal/handler/user.go:229.2,229.22 1 0
github.com/tsloms/server/internal/handler/user.go:229.22,230.70 1 0
github.com/tsloms/server/internal/handler/user.go:230.70,233.4 2 0
github.com/tsloms/server/internal/handler/user.go:236.2,237.129 2 0
github.com/tsloms/server/internal/handler/user.go:241.40,243.16 2 1
github.com/tsloms/server/internal/handler/user.go:243.16,246.3 2 0
github.com/tsloms/server/internal/handler/user.go:247.2,250.47 2 1
github.com/tsloms/server/internal/handler/user.go:250.47,253.3 2 0
github.com/tsloms/server/internal/handler/user.go:254.2,254.62 1 1
github.com/tsloms/server/internal/handler/user.go:254.62,257.3 2 0
github.com/tsloms/server/internal/handler/user.go:259.2,260.56 2 1
github.com/tsloms/server/internal/handler/user.go:260.56,263.3 2 0
github.com/tsloms/server/internal/handler/user.go:265.2,265.110 1 1
github.com/tsloms/server/internal/handler/user.go:265.110,268.3 2 0
github.com/tsloms/server/internal/handler/user.go:270.2,271.47 2 1
github.com/tsloms/server/internal/handler/user.go:275.33,277.16 2 1
github.com/tsloms/server/internal/handler/user.go:277.16,280.3 2 0
github.com/tsloms/server/internal/handler/user.go:282.2,282.32 1 1
github.com/tsloms/server/internal/handler/user.go:282.32,285.3 2 1
github.com/tsloms/server/internal/handler/user.go:287.2,288.56 2 0
github.com/tsloms/server/internal/handler/user.go:288.56,291.3 2 0
github.com/tsloms/server/internal/handler/user.go:292.2,292.30 1 0
github.com/tsloms/server/internal/handler/user.go:292.30,295.3 2 0
github.com/tsloms/server/internal/handler/user.go:296.2,296.53 1 0
github.com/tsloms/server/internal/handler/user.go:296.53,299.3 2 0
github.com/tsloms/server/internal/handler/user.go:301.2,302.47 2 0
github.com/tsloms/server/internal/handler/user.go:306.34,308.2 1 1
github.com/tsloms/server/internal/handler/user.go:311.36,315.47 2 0
github.com/tsloms/server/internal/handler/user.go:315.47,318.3 2 0
github.com/tsloms/server/internal/handler/user.go:319.2,320.17 2 0
github.com/tsloms/server/internal/handler/user.go:320.17,323.3 2 0
github.com/tsloms/server/internal/handler/user.go:324.2,324.111 1 0
github.com/tsloms/server/internal/handler/user.go:324.111,327.3 2 0
github.com/tsloms/server/internal/handler/user.go:328.2,329.47 2 0
github.com/tsloms/server/internal/handler/user.go:333.37,338.47 2 0
github.com/tsloms/server/internal/handler/user.go:338.47,341.3 2 0
github.com/tsloms/server/internal/handler/user.go:342.2,343.17 2 0
github.com/tsloms/server/internal/handler/user.go:343.17,346.3 2 0
github.com/tsloms/server/internal/handler/user.go:347.2,348.57 2 0
github.com/tsloms/server/internal/handler/user.go:348.57,351.3 2 0
github.com/tsloms/server/internal/handler/user.go:352.2,352.59 1 0
github.com/tsloms/server/internal/handler/user.go:352.59,355.3 2 0
github.com/tsloms/server/internal/handler/user.go:356.2,356.101 1 0
github.com/tsloms/server/internal/handler/user.go:356.101,359.3 2 0
github.com/tsloms/server/internal/handler/user.go:360.2,361.53 2 0
github.com/tsloms/server/internal/handler/workorder.go:13.37,20.16 4 1
github.com/tsloms/server/internal/handler/workorder.go:20.16,22.3 1 1
github.com/tsloms/server/internal/handler/workorder.go:23.2,23.16 1 1
github.com/tsloms/server/internal/handler/workorder.go:23.16,25.3 1 1
github.com/tsloms/server/internal/handler/workorder.go:28.2,28.47 1 1
github.com/tsloms/server/internal/handler/workorder.go:28.47,30.3 1 1
github.com/tsloms/server/internal/handler/workorder.go:33.2,33.60 1 1
github.com/tsloms/server/internal/handler/workorder.go:33.60,35.3 1 1
github.com/tsloms/server/internal/handler/workorder.go:38.2,38.51 1 1
github.com/tsloms/server/internal/handler/workorder.go:38.51,40.3 1 1
github.com/tsloms/server/internal/handler/workorder.go:43.2,43.57 1 1
github.com/tsloms/server/internal/handler/workorder.go:43.57,44.64 1 1
github.com/tsloms/server/internal/handler/workorder.go:44.64,46.4 1 1
github.com/tsloms/server/internal/handler/workorder.go:48.2,48.51 1 1
github.com/tsloms/server/internal/handler/workorder.go:48.51,49.62 1 0
github.com/tsloms/server/internal/handler/workorder.go:49.62,51.4 1 0
github.com/tsloms/server/internal/handler/workorder.go:55.2,67.27 6 1
github.com/tsloms/server/internal/handler/workorder.go:67.27,70.3 2 1
github.com/tsloms/server/internal/handler/workorder.go:72.2,77.4 1 1
github.com/tsloms/server/internal/handler/workorder.go:81.45,83.25 2 1
github.com/tsloms/server/internal/handler/workorder.go:83.25,85.88 2 1
github.com/tsloms/server/internal/handler/workorder.go:85.88,87.4 1 1
github.com/tsloms/server/internal/handler/workorder.go:89.2,96.3 2 1
github.com/tsloms/server/internal/handler/workorder.go:100.35,102.16 2 1
github.com/tsloms/server/internal/handler/workorder.go:102.16,105.3 2 0
github.com/tsloms/server/internal/handler/workorder.go:107.2,108.53 2 1
github.com/tsloms/server/internal/handler/workorder.go:108.53,111.3 2 1
github.com/tsloms/server/internal/handler/workorder.go:114.2,119.18 3 1
github.com/tsloms/server/internal/handler/workorder.go:120.36,122.29 2 1
github.com/tsloms/server/internal/handler/workorder.go:123.39,125.29 2 0
github.com/tsloms/server/internal/handler/workorder.go:126.38,127.29 1 0
github.com/tsloms/server/internal/handler/workorder.go:128.37,129.29 1 0
github.com/tsloms/server/internal/handler/workorder.go:133.2,134.19 2 1
github.com/tsloms/server/internal/handler/workorder.go:134.19,136.61 2 1
github.com/tsloms/server/internal/handler/workorder.go:136.61,139.89 3 1
github.com/tsloms/server/internal/handler/workorder.go:139.89,142.5 1 1
github.com/tsloms/server/internal/handler/workorder.go:143.4,147.5 1 1
github.com/tsloms/server/internal/handler/workorder.go:151.2,152.25 2 1
github.com/tsloms/server/internal/handler/workorder.go:152.25,154.99 2 1
github.com/tsloms/server/internal/handler/workorder.go:154.99,156.4 1 1
github.com/tsloms/server/internal/handler/workorder.go:160.2,170.4 3 1
github.com/tsloms/server/internal/handler/workorder.go:175.38,182.47 2 1
github.com/tsloms/server/internal/handler/workorder.go:182.47,185.3 2 1
github.com/tsloms/server/internal/handler/workorder.go:188.2,189.66 2 1
github.com/tsloms/server/internal/handler/workorder.go:189.66,192.3 2 1
github.com/tsloms/server/internal/handler/workorder.go:195.2,195.27 1 1
github.com/tsloms/server/internal/handler/workorder.go:195.27,197.67 2 1
github.com/tsloms/server/internal/handler/workorder.go:197.67,200.4 2 1
github.com/tsloms/server/internal/handler/workorder.go:201.3,201.64 1 1
github.com/tsloms/server/internal/handler/workorder.go:201.64,204.4 2 1
github.com/tsloms/server/internal/handler/workorder.go:208.2,218.51 3 1
github.com/tsloms/server/internal/handler/workorder.go:218.51,221.3 2 0
github.com/tsloms/server/internal/handler/workorder.go:224.2,228.65 3 1
github.com/tsloms/server/internal/handler/workorder.go:233.44,235.16 2 1
github.com/tsloms/server/internal/handler/workorder.go:235.16,238.3 2 1
github.com/tsloms/server/internal/handler/workorder.go:240.2,245.47 2 1
github.com/tsloms/server/internal/handler/workorder.go:245.47,248.3 2 0
github.com/tsloms/server/internal/handler/workorder.go:251.2,257.32 2 1
github.com/tsloms/server/internal/handler/workorder.go:257.32,260.3 2 1
github.com/tsloms/server/internal/handler/workorder.go:262.2,263.54 2 1
github.com/tsloms/server/internal/handler/workorder.go:263.54,266.3 2 1
github.com/tsloms/server/internal/handler/workorder.go:268.2,271.22 2 1
github.com/tsloms/server/internal/handler/workorder.go:271.22,273.3 1 1
github.com/tsloms/server/internal/handler/workorder.go:276.2,276.50 1 1
github.com/tsloms/server/internal/handler/workorder.go:276.50,286.3 3 1
github.com/tsloms/server/internal/handler/workorder.go:289.2,289.94 1 1
github.com/tsloms/server/internal/handler/workorder.go:289.94,294.3 2 1
github.com/tsloms/server/internal/handler/workorder.go:297.2,297.94 1 1
github.com/tsloms/server/internal/handler/workorder.go:297.94,299.3 1 1
github.com/tsloms/server/internal/handler/workorder.go:301.2,301.67 1 1
github.com/tsloms/server/internal/handler/workorder.go:301.67,304.3 2 0
github.com/tsloms/server/internal/handler/workorder.go:306.2,308.71 2 1
github.com/tsloms/server/internal/handler/workorder.go:313.38,315.16 2 1
github.com/tsloms/server/internal/handler/workorder.go:315.16,318.3 2 0
github.com/tsloms/server/internal/handler/workorder.go:320.2,323.47 2 1
github.com/tsloms/server/internal/handler/workorder.go:323.47,326.3 2 1
github.com/tsloms/server/internal/handler/workorder.go:329.2,330.65 2 1
github.com/tsloms/server/internal/handler/workorder.go:330.65,333.3 2 1
github.com/tsloms/server/internal/handler/workorder.go:334.2,334.63 1 1
github.com/tsloms/server/internal/handler/workorder.go:334.63,337.3 2 1
github.com/tsloms/server/internal/handler/workorder.go:339.2,340.54 2 1
github.com/tsloms/server/internal/handler/workorder.go:340.54,343.3 2 1
github.com/tsloms/server/internal/handler/workorder.go:345.2,349.47 2 1
github.com/tsloms/server/internal/handler/workorder.go:349.47,359.3 3 1
github.com/tsloms/server/internal/handler/workorder.go:360.2,360.67 1 1
github.com/tsloms/server/internal/handler/workorder.go:360.67,363.3 2 0
github.com/tsloms/server/internal/handler/workorder.go:365.2,366.96 2 1
github.com/tsloms/server/internal/handler/workorder.go:371.38,373.16 2 1
github.com/tsloms/server/internal/handler/workorder.go:373.16,376.3 2 1
github.com/tsloms/server/internal/handler/workorder.go:378.2,379.54 2 1
github.com/tsloms/server/internal/handler/workorder.go:379.54,382.3 2 1
github.com/tsloms/server/internal/handler/workorder.go:385.2,385.21 1 1
github.com/tsloms/server/internal/handler/workorder.go:385.21,389.3 1 1
github.com/tsloms/server/internal/handler/workorder.go:391.2,391.51 1 1
github.com/tsloms/server/internal/handler/workorder.go:391.51,394.3 2 0
github.com/tsloms/server/internal/handler/workorder.go:396.2,397.44 2 1
